 modbus

 Timestamp is 5ec582ae (Wed May 20 15:19:10 2020)

 Preferred load address is 10000000

 Start         Length     Name                   Class
 0001:00000000 00083240H .text$mn                CODE
 0001:00083240 00000193H .text$x                 CODE
 0002:00000000 000001ccH .idata$5                DATA
 0002:000001cc 00000008H .00cfg                  DATA
 0002:000001d4 00000004H .CRT$XCA                DATA
 0002:000001d8 00000004H .CRT$XCZ                DATA
 0002:000001dc 00000004H .CRT$XIA                DATA
 0002:000001e0 0000000cH .CRT$XIC                DATA
 0002:000001ec 00000004H .CRT$XIZ                DATA
 0002:000001f0 00000004H .CRT$XPA                DATA
 0002:000001f4 00000008H .CRT$XPX                DATA
 0002:000001fc 00000004H .CRT$XPXA               DATA
 0002:00000200 00000004H .CRT$XPZ                DATA
 0002:00000204 00000004H .CRT$XTA                DATA
 0002:00000208 00000008H .CRT$XTZ                DATA
 0002:0000020c 00000000H .gfids$y                DATA
 0002:00000210 0001e238H .rdata                  DATA
 0002:0001e448 000002a0H .rdata$r                DATA
 0002:0001e6e8 00000040H .rdata$sxdata           DATA
 0002:0001e728 00000334H .rdata$zzzdbg           DATA
 0002:0001ea5c 00000004H .rtc$IAA                DATA
 0002:0001ea60 00000010H .rtc$IMZ                DATA
 0002:0001ea70 00000004H .rtc$IZZ                DATA
 0002:0001ea74 00000004H .rtc$TAA                DATA
 0002:0001ea78 00000010H .rtc$TMZ                DATA
 0002:0001ea88 00000008H .rtc$TZZ                DATA
 0002:0001ea90 00000ca0H .xdata$x                DATA
 0002:0001f730 00000818H .edata                  DATA
 0002:0001ff48 00000028H .idata$2                DATA
 0002:0001ff70 00000014H .idata$3                DATA
 0002:0001ff84 000001ccH .idata$4                DATA
 0002:00020150 000006beH .idata$6                DATA
 0003:00000000 00001830H .data                   DATA
 0003:00001830 00000110H .data$r                 DATA
 0003:00001940 00001760H .bss                    DATA
 0004:00000000 000000a0H .rsrc$01                DATA
 0004:000000a0 00000410H .rsrc$02                DATA

  Address         Publics by Value              Rva+Base       Lib:Object

 0000:00000000       ___guard_eh_cont_table     00000000     <absolute>
 0000:00000000       ___hybrid_code_map_count   00000000     <absolute>
 0000:00000000       ___guard_longjmp_table     00000000     <absolute>
 0000:00000000       ___hybrid_auxiliary_iat    00000000     <absolute>
 0000:00000000       __except_list              00000000     <absolute>
 0000:00000000       ___enclave_config          00000000     <absolute>
 0000:00000000       ___guard_fids_table        00000000     <absolute>
 0000:00000000       ___guard_iat_count         00000000     <absolute>
 0000:00000000       ___dynamic_value_reloc_table 00000000     <absolute>
 0000:00000000       ___AbsoluteZero            00000000     <absolute>
 0000:00000000       ___guard_fids_count        00000000     <absolute>
 0000:00000000       ___guard_longjmp_count     00000000     <absolute>
 0000:00000000       ___volatile_metadata       00000000     <absolute>
 0000:00000000       ___hybrid_code_map         00000000     <absolute>
 0000:00000000       ___guard_eh_cont_count     00000000     <absolute>
 0000:00000000       ___guard_iat_table         00000000     <absolute>
 0000:00000010       ___safe_se_handler_count   00000010     <absolute>
 0000:00000100       ___guard_flags             00000100     <absolute>
 0000:00000000       ___ImageBase               10000000     <linker-defined>
 0001:00000000       _modbus_set_bits_from_byte 10001000 f   modbus-data.obj
 0001:00000060       _modbus_set_bits_from_bytes 10001060 f   modbus-data.obj
 0001:000000f0       _modbus_get_byte_from_bits 100010f0 f   modbus-data.obj
 0001:00000160       _modbus_get_float          10001160 f   modbus-data.obj
 0001:000001a0       _modbus_get_float_abcd     100011a0 f   modbus-data.obj
 0001:000001e0       _modbus_get_float_dcba     100011e0 f   modbus-data.obj
 0001:00000230       _modbus_get_float_badc     10001230 f   modbus-data.obj
 0001:00000280       _modbus_get_float_cdab     10001280 f   modbus-data.obj
 0001:000002c0       _modbus_set_float          100012c0 f   modbus-data.obj
 0001:00000300       _modbus_set_float_abcd     10001300 f   modbus-data.obj
 0001:00000350       _modbus_set_float_dcba     10001350 f   modbus-data.obj
 0001:000003a0       _modbus_set_float_badc     100013a0 f   modbus-data.obj
 0001:000003f0       _modbus_set_float_cdab     100013f0 f   modbus-data.obj
 0001:00000440       _modbus_new_rtu            10001440 f   modbus-rtu.obj
 0001:00000640       _modbus_rtu_set_serial_mode 10001640 f   modbus-rtu.obj
 0001:000006b0       _modbus_rtu_get_serial_mode 100016b0 f   modbus-rtu.obj
 0001:00000720       _modbus_rtu_set_rts        10001720 f   modbus-rtu.obj
 0001:00000790       _modbus_rtu_get_rts        10001790 f   modbus-rtu.obj
 0001:00000800       _modbus_rtu_set_custom_rts 10001800 f   modbus-rtu.obj
 0001:00000870       _modbus_rtu_set_rts_delay  10001870 f   modbus-rtu.obj
 0001:000008e0       _modbus_rtu_get_rts_delay  100018e0 f   modbus-rtu.obj
 0001:000015b0       ___local_stdio_printf_options 100025b0 f i modbus-rtu.obj
 0001:000015c0       __vfprintf_l               100025c0 f i modbus-rtu.obj
 0001:000015f0       _fprintf                   100025f0 f i modbus-rtu.obj
 0001:00001630       _printf                    10002630 f i modbus-rtu.obj
 0001:00001670       _modbus_new_tcp            10002670 f   modbus-tcp.obj
 0001:000017c0       _modbus_tcp_listen         100027c0 f   modbus-tcp.obj
 0001:00001920       _modbus_tcp_accept         10002920 f   modbus-tcp.obj
 0001:000019b0       _modbus_new_tcp_pi         100029b0 f   modbus-tcp.obj
 0001:00001c00       _modbus_tcp_pi_listen      10002c00 f   modbus-tcp.obj
 0001:00001eb0       _modbus_tcp_pi_accept      10002eb0 f   modbus-tcp.obj
 0001:00002b60       _gai_strerrorA             10003b60 f i modbus-tcp.obj
 0001:00002b90       _modbus_set_slave          10003b90 f   modbus.obj
 0001:00002bd0       _modbus_get_slave          10003bd0 f   modbus.obj
 0001:00002bf0       _modbus_set_error_recovery 10003bf0 f   modbus.obj
 0001:00002c20       _modbus_set_socket         10003c20 f   modbus.obj
 0001:00002c50       _modbus_get_socket         10003c50 f   modbus.obj
 0001:00002c80       _modbus_get_response_timeout 10003c80 f   modbus.obj
 0001:00002cc0       _modbus_set_response_timeout 10003cc0 f   modbus.obj
 0001:00002d10       _modbus_get_byte_timeout   10003d10 f   modbus.obj
 0001:00002d50       _modbus_set_byte_timeout   10003d50 f   modbus.obj
 0001:00002d90       _modbus_get_indication_timeout 10003d90 f   modbus.obj
 0001:00002dd0       _modbus_set_indication_timeout 10003dd0 f   modbus.obj
 0001:00002e10       _modbus_get_header_length  10003e10 f   modbus.obj
 0001:00002e40       _modbus_connect            10003e40 f   modbus.obj
 0001:00002e70       _modbus_close              10003e70 f   modbus.obj
 0001:00002e90       _modbus_free               10003e90 f   modbus.obj
 0001:00002eb0       _modbus_flush              10003eb0 f   modbus.obj
 0001:00002f10       _modbus_set_debug          10003f10 f   modbus.obj
 0001:00002f40       _modbus_strerror           10003f40 f   modbus.obj
 0001:00003030       _modbus_read_bits          10004030 f   modbus.obj
 0001:000030c0       _modbus_read_input_bits    100040c0 f   modbus.obj
 0001:00003150       _modbus_read_registers     10004150 f   modbus.obj
 0001:000031d0       _modbus_read_input_registers 100041d0 f   modbus.obj
 0001:00003250       _modbus_write_bit          10004250 f   modbus.obj
 0001:000032a0       _modbus_write_register     100042a0 f   modbus.obj
 0001:000032e0       _modbus_write_bits         100042e0 f   modbus.obj
 0001:000035f0       _modbus_write_registers    100045f0 f   modbus.obj
 0001:000037d0       _modbus_mask_write_register 100047d0 f   modbus.obj
 0001:00003930       _modbus_write_and_read_registers 10004930 f   modbus.obj
 0001:00003c70       _modbus_report_slave_id    10004c70 f   modbus.obj
 0001:00003de0       _modbus_mapping_new_start_address 10004de0 f   modbus.obj
 0001:00004000       _modbus_mapping_new        10005000 f   modbus.obj
 0001:00004030       _modbus_mapping_free       10005030 f   modbus.obj
 0001:00004090       _modbus_send_raw_request   10005090 f   modbus.obj
 0001:000041a0       _modbus_receive            100051a0 f   modbus.obj
 0001:000041e0       _modbus_receive_confirmation 100051e0 f   modbus.obj
 0001:00004210       _modbus_reply              10005210 f   modbus.obj
 0001:00005450       _modbus_reply_exception    10006450 f   modbus.obj
 0001:00005580       __modbus_init_common       10006580 f   modbus.obj
 0001:000055f0       __error_print              100065f0 f   modbus.obj
 0001:00005670       __modbus_receive_msg       10006670 f   modbus.obj
 0001:00005b20       _strlcpy                   10006b20 f   modbus.obj
 0001:00006990       _vfprintf                  10007990 f i modbus.obj
 0001:000069ab       _htonl@4                   100079ab f   ws2_32:WS2_32.dll
 0001:000069b1       _ntohl@4                   100079b1 f   ws2_32:WS2_32.dll
 0001:000069b7       _accept@12                 100079b7 f   ws2_32:WS2_32.dll
 0001:000069bd       _bind@12                   100079bd f   ws2_32:WS2_32.dll
 0001:000069c3       _closesocket@4             100079c3 f   ws2_32:WS2_32.dll
 0001:000069c9       _connect@12                100079c9 f   ws2_32:WS2_32.dll
 0001:000069cf       _ioctlsocket@12            100079cf f   ws2_32:WS2_32.dll
 0001:000069d5       _getsockopt@20             100079d5 f   ws2_32:WS2_32.dll
 0001:000069db       _htons@4                   100079db f   ws2_32:WS2_32.dll
 0001:000069e1       _inet_addr@4               100079e1 f   ws2_32:WS2_32.dll
 0001:000069e7       _inet_ntoa@4               100079e7 f   ws2_32:WS2_32.dll
 0001:000069ed       _listen@8                  100079ed f   ws2_32:WS2_32.dll
 0001:000069f3       _recv@16                   100079f3 f   ws2_32:WS2_32.dll
 0001:000069f9       _select@20                 100079f9 f   ws2_32:WS2_32.dll
 0001:000069ff       _send@16                   100079ff f   ws2_32:WS2_32.dll
 0001:00006a05       _setsockopt@20             10007a05 f   ws2_32:WS2_32.dll
 0001:00006a0b       _shutdown@8                10007a0b f   ws2_32:WS2_32.dll
 0001:00006a11       _socket@12                 10007a11 f   ws2_32:WS2_32.dll
 0001:00006a17       _WSAStartup@8              10007a17 f   ws2_32:WS2_32.dll
 0001:00006a1d       _WSAGetLastError@0         10007a1d f   ws2_32:WS2_32.dll
 0001:00006a23       _getaddrinfo@16            10007a23 f   ws2_32:WS2_32.dll
 0001:00006a29       _freeaddrinfo@4            10007a29 f   ws2_32:WS2_32.dll
 0001:00006a2f       _CreateFileA@28            10007a2f f   kernel32:KERNEL32.dll
 0001:00006a35       _ReadFile@20               10007a35 f   kernel32:KERNEL32.dll
 0001:00006a3b       _WriteFile@20              10007a3b f   kernel32:KERNEL32.dll
 0001:00006a41       _CloseHandle@4             10007a41 f   kernel32:KERNEL32.dll
 0001:00006a47       _GetLastError@0            10007a47 f   kernel32:KERNEL32.dll
 0001:00006a4d       _GetCommState@8            10007a4d f   kernel32:KERNEL32.dll
 0001:00006a53       _PurgeComm@8               10007a53 f   kernel32:KERNEL32.dll
 0001:00006a59       _SetCommState@8            10007a59 f   kernel32:KERNEL32.dll
 0001:00006a5f       _SetCommTimeouts@8         10007a5f f   kernel32:KERNEL32.dll
 0001:00006a65       _FormatMessageA@28         10007a65 f   kernel32:KERNEL32.dll
 0001:00006a6b       _Sleep@4                   10007a6b f   kernel32:KERNEL32.dll
 0001:00006a80       __CRT_RTC_INIT             10007a80 f   LIBCMTD:init.obj
 0001:00006a90       __CRT_RTC_INITW            10007a90 f   LIBCMTD:init.obj
 0001:00006aa0       __RTC_InitBase             10007aa0 f   LIBCMTD:init.obj
 0001:00006ad0       __RTC_Shutdown             10007ad0 f   LIBCMTD:init.obj
 0001:00006af0       @__security_check_cookie@4 10007af0 f   LIBCMTD:secchk.obj
 0001:00006ba0       ?_RTC_AllocaFailure@@YAXPAXPAU_RTC_ALLOCA_NODE@@H@Z 10007ba0 f   LIBCMTD:error.obj
 0001:00006c90       ?_RTC_Failure@@YAXPAXH@Z   10007c90 f   LIBCMTD:error.obj
 0001:00006ce0       ?_RTC_StackFailure@@YAXPAXPBD@Z 10007ce0 f   LIBCMTD:error.obj
 0001:000070c0       __RTC_UninitUse            100080c0 f   LIBCMTD:error.obj
 0001:00007170       __vsprintf_s_l             10008170 f i LIBCMTD:error.obj
 0001:000071a0       _sprintf_s                 100081a0 f i LIBCMTD:error.obj
 0001:000071c0       ___raise_securityfailure   100081c0 f   LIBCMTD:gs_report.obj
 0001:000071f0       ___report_gsfailure        100081f0 f   LIBCMTD:gs_report.obj
 0001:00007300       ___report_rangecheckfailure 10008300 f   LIBCMTD:gs_report.obj
 0001:00007310       ___report_securityfailure  10008310 f   LIBCMTD:gs_report.obj
 0001:000073f0       ___report_securityfailureEx 100083f0 f   LIBCMTD:gs_report.obj
 0001:000079f0       __CRT_INIT@12              100089f0 f   LIBCMTD:dll_dllmain.obj
 0001:00007a10       __DllMainCRTStartup@12     10008a10 f   LIBCMTD:dll_dllmain.obj
 0001:00007a40       ?_RTC_GetErrorFunc@@YAP6AHHPBDH00ZZPBX@Z 10008a40 f   LIBCMTD:userapi.obj
 0001:00007a50       ?_RTC_GetErrorFuncW@@YAP6AHHPB_WH00ZZPBX@Z 10008a50 f   LIBCMTD:userapi.obj
 0001:00007a60       __RTC_GetErrDesc           10008a60 f   LIBCMTD:userapi.obj
 0001:00007a80       __RTC_NumErrors            10008a80 f   LIBCMTD:userapi.obj
 0001:00007a90       __RTC_SetErrorFunc         10008a90 f   LIBCMTD:userapi.obj
 0001:00007ab0       __RTC_SetErrorFuncW        10008ab0 f   LIBCMTD:userapi.obj
 0001:00007ad0       __RTC_SetErrorType         10008ad0 f   LIBCMTD:userapi.obj
 0001:00007f80       ?_RTC_GetSrcLine@@YAHPAEPA_WKPAH1K@Z 10008f80 f   LIBCMTD:pdblkup.obj
 0001:00008300       __except_handler4_noexcept 10009300 f   LIBCMTD:chandler4_noexcept.obj
 0001:00008360       @_guard_check_icall_nop@4  10009360 f i LIBCMTD:guard_support.obj
 0001:00008370       _ReadNoFence               10009370 f i LIBCMTD:guard_support.obj
 0001:00008390       _ReadPointerNoFence        10009390 f i LIBCMTD:guard_support.obj
 0001:000083b0       __guard_icall_checks_enforced 100093b0 f i LIBCMTD:guard_support.obj
 0001:00008450       ___security_init_cookie    10009450 f   LIBCMTD:gs_support.obj
 0001:000084d0       _DllMain@12                100094d0 f   LIBCMTD:dll_dllmain_stub.obj
 0001:000084e0       ?__scrt_initialize_type_info@@YAXXZ 100094e0 f   LIBCMTD:tncleanup.obj
 0001:000084f0       ?__scrt_uninitialize_type_info@@YAXXZ 100094f0 f   LIBCMTD:tncleanup.obj
 0001:00008510       ___local_stdio_scanf_options 10009510 f i LIBCMTD:default_local_stdio_options.obj
 0001:00008520       ___scrt_initialize_default_local_stdio_options 10009520 f   LIBCMTD:default_local_stdio_options.obj
 0001:00008560       ?configure_argv@__scrt_narrow_argv_policy@@SAHXZ 10009560 f i LIBCMTD:utility.obj
 0001:00008610       ?initialize_environment@__scrt_narrow_environment_policy@@SAHXZ 10009610 f i LIBCMTD:utility.obj
 0001:00008690       _NtCurrentTeb              10009690 f i LIBCMTD:utility.obj
 0001:000086a0       ___scrt_acquire_startup_lock 100096a0 f   LIBCMTD:utility.obj
 0001:000086f0       ___scrt_dllmain_after_initialize_c 100096f0 f   LIBCMTD:utility.obj
 0001:00008720       ___scrt_dllmain_before_initialize_c 10009720 f   LIBCMTD:utility.obj
 0001:00008740       ___scrt_dllmain_crt_thread_attach 10009740 f   LIBCMTD:utility.obj
 0001:00008770       ___scrt_dllmain_crt_thread_detach 10009770 f   LIBCMTD:utility.obj
 0001:00008790       ___scrt_dllmain_exception_filter 10009790 f   LIBCMTD:utility.obj
 0001:000087e0       ___scrt_dllmain_uninitialize_c 100097e0 f   LIBCMTD:utility.obj
 0001:00008810       ___scrt_dllmain_uninitialize_critical 10009810 f   LIBCMTD:utility.obj
 0001:00008830       ___scrt_initialize_crt     10009830 f   LIBCMTD:utility.obj
 0001:00008880       ___scrt_initialize_onexit_tables 10009880 f   LIBCMTD:utility.obj
 0001:00008960       ___scrt_is_nonwritable_in_current_image 10009960 f   LIBCMTD:utility.obj
 0001:00008a90       ___scrt_release_startup_lock 10009a90 f   LIBCMTD:utility.obj
 0001:00008ac0       ___scrt_uninitialize_crt   10009ac0 f   LIBCMTD:utility.obj
 0001:00008b00       __onexit                   10009b00 f   LIBCMTD:utility.obj
 0001:00008b70       _at_quick_exit             10009b70 f   LIBCMTD:utility.obj
 0001:00008bb0       _atexit                    10009bb0 f   LIBCMTD:utility.obj
 0001:00008be0       ___scrt_get_dyn_tls_init_callback 10009be0 f   LIBCMTD:dyn_tls_init.obj
 0001:00008bf0       ___scrt_fastfail           10009bf0 f   LIBCMTD:utility_desktop.obj
 0001:00008d30       ___scrt_get_show_window_mode 10009d30 f   LIBCMTD:utility_desktop.obj
 0001:00008d70       ___scrt_initialize_mta     10009d70 f   LIBCMTD:utility_desktop.obj
 0001:00008d80       ___scrt_initialize_winrt   10009d80 f   LIBCMTD:utility_desktop.obj
 0001:00008d90       ___scrt_is_managed_app     10009d90 f   LIBCMTD:utility_desktop.obj
 0001:00008e20       ___scrt_set_unhandled_exception_filter 10009e20 f   LIBCMTD:utility_desktop.obj
 0001:00008e30       ___scrt_exe_initialize_mta 10009e30 f   LIBCMTD:utility_desktop.obj
 0001:00008e30       ___scrt_stub_for_initialize_mta 10009e30 f   LIBCMTD:utility_desktop.obj
 0001:00008e40       ___scrt_unhandled_exception_filter@4 10009e40 f   LIBCMTD:utility_desktop.obj
 0001:00008ec0       __crt_debugger_hook        10009ec0 f   LIBCMTD:utility_desktop.obj
 0001:00008ed0       __RTC_Initialize           10009ed0 f   LIBCMTD:initsect.obj
 0001:00008f00       __RTC_Terminate            10009f00 f   LIBCMTD:initsect.obj
 0001:00008f30       ___isa_available_init      10009f30 f   LIBCMTD:cpu_disp.obj
 0001:00009270       __get_startup_argv_mode    1000a270 f   LIBCMTD:argv_mode.obj
 0001:00009280       ___scrt_is_ucrt_dll_in_use 1000a280 f   LIBCMTD:ucrt_detection.obj
 0001:000092b0       _memcpy                    1000a2b0 f   libvcruntimed:memcpy.obj
 0001:00009830       _memset                    1000a830 f   libvcruntimed:memset.obj
 0001:000099f0       __except_handler4          1000a9f0 f   libvcruntimed:chandler4.obj
 0001:00009be0       ___vcrt_GetModuleFileNameW 1000abe0 f   libvcruntimed:winapi_thunks.obj
 0001:00009c00       ___vcrt_GetModuleHandleW   1000ac00 f   libvcruntimed:winapi_thunks.obj
 0001:00009c10       ___vcrt_LoadLibraryExW     1000ac10 f   libvcruntimed:winapi_thunks.obj
 0001:00009c30       ___DestructExceptionObject 1000ac30 f   libvcruntimed:ehhelpers.obj
 0001:00009d50       ?_CallMemberFunction0@@YGXQAX0@Z 1000ad50 f i libvcruntimed:ehhelpers.obj
 0001:00009df0       ?raw_name@type_info@@QBEPBDXZ 1000adf0 f i libvcruntimed:ehhelpers.obj
 0001:00009e10       __IsExceptionObjectToBeDestroyed 1000ae10 f   libvcruntimed:ehhelpers.obj
 0001:00009e50       __SetWinRTOutOfMemoryExceptionCallback 1000ae50 f   libvcruntimed:ehhelpers.obj
 0001:00009e60       ___AdjustPointer           1000ae60 f   libvcruntimed:ehhelpers.obj
 0001:00009eb0       ___FrameUnwindFilter       1000aeb0 f   libvcruntimed:ehhelpers.obj
 0001:00009f40       ___GetPlatformExceptionInfo 1000af40 f   libvcruntimed:ehhelpers.obj
 0001:00009fc0       ___current_exception       1000afc0 f   libvcruntimed:ehhelpers.obj
 0001:00009fd0       ___current_exception_context 1000afd0 f   libvcruntimed:ehhelpers.obj
 0001:00009fe0       ___processing_throw        1000afe0 f   libvcruntimed:ehhelpers.obj
 0001:00009ff0       ___std_terminate           1000aff0 f   libvcruntimed:ehhelpers.obj
 0001:0000a000       __is_exception_typeof      1000b000 f   libvcruntimed:ehhelpers.obj
 0001:0000a100       ??$?RD@__crt_internal_free_policy@@QBEXQBD@Z 1000b100 f i libvcruntimed:std_type_info.obj
 0001:0000a120       ??$?RX@__crt_internal_free_policy@@QBEXQBX@Z 1000b120 f i libvcruntimed:std_type_info.obj
 0001:0000a140       ??$__crt_interlocked_compare_exchange_pointer@$$CBDPAD$$T@@YAPBDPDSBDQAD$$T@Z 1000b140 f i libvcruntimed:std_type_info.obj
 0001:0000a160       ??$__crt_interlocked_read_pointer@$$CBD@@YAPBDPDSBD@Z 1000b160 f i libvcruntimed:std_type_info.obj
 0001:0000a180       ??0?$__crt_unique_heap_ptr@DU__crt_internal_free_policy@@@@QAE@QAD@Z 1000b180 f i libvcruntimed:std_type_info.obj
 0001:0000a1a0       ??0?$__crt_unique_heap_ptr@XU__crt_internal_free_policy@@@@QAE@QAX@Z 1000b1a0 f i libvcruntimed:std_type_info.obj
 0001:0000a1c0       ??1?$__crt_unique_heap_ptr@DU__crt_internal_free_policy@@@@QAE@XZ 1000b1c0 f i libvcruntimed:std_type_info.obj
 0001:0000a1e0       ??1?$__crt_unique_heap_ptr@XU__crt_internal_free_policy@@@@QAE@XZ 1000b1e0 f i libvcruntimed:std_type_info.obj
 0001:0000a200       ??B?$__crt_unique_heap_ptr@DU__crt_internal_free_policy@@@@QBE_NXZ 1000b200 f i libvcruntimed:std_type_info.obj
 0001:0000a220       ??B?$__crt_unique_heap_ptr@XU__crt_internal_free_policy@@@@QBE_NXZ 1000b220 f i libvcruntimed:std_type_info.obj
 0001:0000a2b0       ?__crt_interlocked_read_32@@YAHPDH@Z 1000b2b0 f i libvcruntimed:std_type_info.obj
 0001:0000a2d0       ?detach@?$__crt_unique_heap_ptr@XU__crt_internal_free_policy@@@@QAEPAXXZ 1000b2d0 f i libvcruntimed:std_type_info.obj
 0001:0000a300       ?get@?$__crt_unique_heap_ptr@DU__crt_internal_free_policy@@@@QBEPADXZ 1000b300 f i libvcruntimed:std_type_info.obj
 0001:0000a310       ?get@?$__crt_unique_heap_ptr@XU__crt_internal_free_policy@@@@QBEPAXXZ 1000b310 f i libvcruntimed:std_type_info.obj
 0001:0000a320       ?is_valid@?$__crt_unique_heap_ptr@DU__crt_internal_free_policy@@@@QBE_NXZ 1000b320 f i libvcruntimed:std_type_info.obj
 0001:0000a350       ?is_valid@?$__crt_unique_heap_ptr@XU__crt_internal_free_policy@@@@QBE_NXZ 1000b350 f i libvcruntimed:std_type_info.obj
 0001:0000a380       ?release@?$__crt_unique_heap_ptr@DU__crt_internal_free_policy@@@@QAEXXZ 1000b380 f i libvcruntimed:std_type_info.obj
 0001:0000a3b0       ?release@?$__crt_unique_heap_ptr@XU__crt_internal_free_policy@@@@QAEXXZ 1000b3b0 f i libvcruntimed:std_type_info.obj
 0001:0000a3e0       ___std_type_info_compare   1000b3e0 f   libvcruntimed:std_type_info.obj
 0001:0000a410       ___std_type_info_destroy_list 1000b410 f   libvcruntimed:std_type_info.obj
 0001:0000a450       ___std_type_info_hash      1000b450 f   libvcruntimed:std_type_info.obj
 0001:0000a4b0       ___std_type_info_name      1000b4b0 f   libvcruntimed:std_type_info.obj
 0001:0000a690       ___vcrt_initialize         1000b690 f   libvcruntimed:initialization.obj
 0001:0000a6d0       ___vcrt_thread_attach      1000b6d0 f   libvcruntimed:initialization.obj
 0001:0000a6f0       ___vcrt_thread_detach      1000b6f0 f   libvcruntimed:initialization.obj
 0001:0000a710       ___vcrt_uninitialize       1000b710 f   libvcruntimed:initialization.obj
 0001:0000a730       ___vcrt_uninitialize_critical 1000b730 f   libvcruntimed:initialization.obj
 0001:0000a750       __local_unwind4            1000b750 f   libvcruntimed:exsup4.obj
 0001:0000a828       __seh_longjmp_unwind4@4    1000b828 f   libvcruntimed:exsup4.obj
 0001:0000a850       @_EH4_CallFilterFunc@8     1000b850 f   libvcruntimed:exsup4.obj
 0001:0000a868       @_EH4_TransferToHandler@8  1000b868 f   libvcruntimed:exsup4.obj
 0001:0000a884       @_EH4_GlobalUnwind2@8      1000b884 f   libvcruntimed:exsup4.obj
 0001:0000a8a0       @_EH4_LocalUnwind@16       1000b8a0 f   libvcruntimed:exsup4.obj
 0001:0000a8d0       ___except_validate_context_record 1000b8d0 f   libvcruntimed:jbcxrval.obj
 0001:0000a920       ___except_validate_jump_buffer 1000b920 f   libvcruntimed:jbcxrval.obj
 0001:0000a940       ___except_validate_jump_buffer_common 1000b940 f i libvcruntimed:jbcxrval.obj
 0001:0000a9a0       ??$?RU__vcrt_ptd@@@__crt_internal_free_policy@@QBEXQBU__vcrt_ptd@@@Z 1000b9a0 f i libvcruntimed:per_thread_data.obj
 0001:0000a9c0       ??0?$__crt_unique_heap_ptr@U__vcrt_ptd@@U__crt_internal_free_policy@@@@QAE@QAU__vcrt_ptd@@@Z 1000b9c0 f i libvcruntimed:per_thread_data.obj
 0001:0000aa00       ??1?$__crt_unique_heap_ptr@U__vcrt_ptd@@U__crt_internal_free_policy@@@@QAE@XZ 1000ba00 f i libvcruntimed:per_thread_data.obj
 0001:0000aa40       ??B?$__crt_unique_heap_ptr@U__vcrt_ptd@@U__crt_internal_free_policy@@@@QBE_NXZ 1000ba40 f i libvcruntimed:per_thread_data.obj
 0001:0000aa60       ?detach@?$__crt_unique_heap_ptr@U__vcrt_ptd@@U__crt_internal_free_policy@@@@QAEPAU__vcrt_ptd@@XZ 1000ba60 f i libvcruntimed:per_thread_data.obj
 0001:0000aa90       ?get@?$__crt_unique_heap_ptr@U__vcrt_ptd@@U__crt_internal_free_policy@@@@QBEPAU__vcrt_ptd@@XZ 1000ba90 f i libvcruntimed:per_thread_data.obj
 0001:0000aaa0       ?is_valid@?$__crt_unique_heap_ptr@U__vcrt_ptd@@U__crt_internal_free_policy@@@@QBE_NXZ 1000baa0 f i libvcruntimed:per_thread_data.obj
 0001:0000aad0       ?release@?$__crt_unique_heap_ptr@U__vcrt_ptd@@U__crt_internal_free_policy@@@@QAEXXZ 1000bad0 f i libvcruntimed:per_thread_data.obj
 0001:0000ab30       ___vcrt_freefls@4          1000bb30 f   libvcruntimed:per_thread_data.obj
 0001:0000ab60       ___vcrt_freeptd            1000bb60 f   libvcruntimed:per_thread_data.obj
 0001:0000abc0       ___vcrt_getptd             1000bbc0 f   libvcruntimed:per_thread_data.obj
 0001:0000abe0       ___vcrt_getptd_noexit      1000bbe0 f   libvcruntimed:per_thread_data.obj
 0001:0000ad40       ___vcrt_getptd_noinit      1000bd40 f   libvcruntimed:per_thread_data.obj
 0001:0000ada0       ___vcrt_initialize_ptd     1000bda0 f   libvcruntimed:per_thread_data.obj
 0001:0000adf0       ___vcrt_uninitialize_ptd   1000bdf0 f   libvcruntimed:per_thread_data.obj
 0001:0000ae20       ??$?0$00@DName@@QAE@PBDU?$StringLifeSelector@$00@@@Z 1000be20 f i libvcruntimed:undname.obj
 0001:0000ae70       ??$?0$00@pcharNode@@QAE@PBDHU?$StringLifeSelector@$00@@@Z 1000be70 f i libvcruntimed:undname.obj
 0001:0000aeb0       ??$?0$01@DName@@QAE@PBDU?$StringLifeSelector@$01@@@Z 1000beb0 f i libvcruntimed:undname.obj
 0001:0000af00       ??$?0$01@pcharNode@@QAE@PBDHU?$StringLifeSelector@$01@@@Z 1000bf00 f i libvcruntimed:undname.obj
 0001:0000af80       ??$?0$0A@@DName@@QAE@PBDU?$StringLifeSelector@$0A@@@@Z 1000bf80 f i libvcruntimed:undname.obj
 0001:0000afd0       ??$?0$0A@@pcharNode@@QAE@PBDHU?$StringLifeSelector@$0A@@@@Z 1000bfd0 f i libvcruntimed:undname.obj
 0001:0000b050       ??$append@VDNameNode@@@DName@@AAEXPBVDNameNode@@@Z 1000c050 f i libvcruntimed:undname.obj
 0001:0000b0e0       ??$append@VDNameStatusNode@@@DName@@AAEXPBVDNameStatusNode@@@Z 1000c0e0 f i libvcruntimed:undname.obj
 0001:0000b170       ??$append@VcharNode@@@DName@@AAEXPBVcharNode@@@Z 1000c170 f i libvcruntimed:undname.obj
 0001:0000b200       ??$append@VpDNameNode@@@DName@@AAEXPBVpDNameNode@@@Z 1000c200 f i libvcruntimed:undname.obj
 0001:0000b290       ??$append@VpcharNode@@@DName@@AAEXPBVpcharNode@@@Z 1000c290 f i libvcruntimed:undname.obj
 0001:0000b320       ??$doPchar@$00@DName@@AAEXPBDH@Z 1000c320 f i libvcruntimed:undname.obj
 0001:0000b430       ??$doPchar@$01@DName@@AAEXPBDH@Z 1000c430 f i libvcruntimed:undname.obj
 0001:0000b540       ??$doPchar@$0A@@DName@@AAEXPBDH@Z 1000c540 f i libvcruntimed:undname.obj
 0001:0000b650       ??0Block@_HeapManager@@QAE@XZ 1000c650 f i libvcruntimed:undname.obj
 0001:0000b670       ??0DName@@QAE@AAPBDD@Z     1000c670 f   libvcruntimed:undname.obj
 0001:0000b7e0       ??0DName@@QAE@ABUStringLiteral@@@Z 1000c7e0 f   libvcruntimed:undname.obj
 0001:0000b830       ??0DName@@QAE@ABV0@@Z      1000c830 f i libvcruntimed:undname.obj
 0001:0000b860       ??0DName@@QAE@D@Z          1000c860 f   libvcruntimed:undname.obj
 0001:0000b890       ??0DName@@QAE@PAV0@@Z      1000c890 f   libvcruntimed:undname.obj
 0001:0000b940       ??0DName@@QAE@W4DNameStatus@@@Z 1000c940 f   libvcruntimed:undname.obj
 0001:0000b9e0       ??0DName@@QAE@XZ           1000c9e0 f i libvcruntimed:undname.obj
 0001:0000ba10       ??0DName@@QAE@_J@Z         1000ca10 f   libvcruntimed:undname.obj
 0001:0000bb00       ??0DName@@QAE@_K@Z         1000cb00 f   libvcruntimed:undname.obj
 0001:0000bbb0       ??0DNameNode@@IAE@XZ       1000cbb0 f i libvcruntimed:undname.obj
 0001:0000bbd0       ??0Replicator@@QAE@XZ      1000cbd0 f i libvcruntimed:undname.obj
 0001:0000bc10       ??0UnDecorator@@QAE@PBDP6APADJ@ZK@Z 1000cc10 f i libvcruntimed:undname.obj
 0001:0000bc90       ??0charNode@@QAE@D@Z       1000cc90 f i libvcruntimed:undname.obj
 0001:0000bcc0       ??0pDNameNode@@QAE@PAVDName@@@Z 1000ccc0 f   libvcruntimed:undname.obj
 0001:0000bd20       ??0pairNode@@QAE@PBVDNameNode@@0@Z 1000cd20 f i libvcruntimed:undname.obj
 0001:0000bd80       ??2@YAPAXIAAV_HeapManager@@H@Z 1000cd80 f   libvcruntimed:undname.obj
 0001:0000bdc0       ??4DName@@QAEAAV0@ABUStringLiteral@@@Z 1000cdc0 f   libvcruntimed:undname.obj
 0001:0000be00       ??4DName@@QAEAAV0@ABV0@@Z  1000ce00 f   libvcruntimed:undname.obj
 0001:0000be30       ??4DName@@QAEAAV0@D@Z      1000ce30 f i libvcruntimed:undname.obj
 0001:0000be60       ??4DName@@QAEAAV0@PAV0@@Z  1000ce60 f   libvcruntimed:undname.obj
 0001:0000bf00       ??4DName@@QAEAAV0@W4DNameStatus@@@Z 1000cf00 f   libvcruntimed:undname.obj
 0001:0000bf80       ??AReplicator@@QBE?AVDName@@H@Z 1000cf80 f   libvcruntimed:undname.obj
 0001:0000bff0       ??H@YA?AVDName@@ABUStringLiteral@@ABV0@@Z 1000cff0 f i libvcruntimed:undname.obj
 0001:0000c020       ??H@YA?AVDName@@DABV0@@Z   1000d020 f i libvcruntimed:undname.obj
 0001:0000c050       ??H@YA?AVDName@@W4DNameStatus@@ABV0@@Z 1000d050 f i libvcruntimed:undname.obj
 0001:0000c080       ??HDName@@QBE?AV0@ABUStringLiteral@@@Z 1000d080 f   libvcruntimed:undname.obj
 0001:0000c0c0       ??HDName@@QBE?AV0@ABV0@@Z  1000d0c0 f   libvcruntimed:undname.obj
 0001:0000c100       ??HDName@@QBE?AV0@D@Z      1000d100 f   libvcruntimed:undname.obj
 0001:0000c140       ??HDName@@QBE?AV0@PAV0@@Z  1000d140 f   libvcruntimed:undname.obj
 0001:0000c180       ??HDName@@QBE?AV0@W4DNameStatus@@@Z 1000d180 f   libvcruntimed:undname.obj
 0001:0000c1c0       ??HStringLiteral@@QBE?AU0@H@Z 1000d1c0 f i libvcruntimed:undname.obj
 0001:0000c1f0       ??YDName@@QAEAAV0@ABUStringLiteral@@@Z 1000d1f0 f   libvcruntimed:undname.obj
 0001:0000c290       ??YDName@@QAEAAV0@ABV0@@Z  1000d290 f   libvcruntimed:undname.obj
 0001:0000c330       ??YDName@@QAEAAV0@D@Z      1000d330 f   libvcruntimed:undname.obj
 0001:0000c3b0       ??YDName@@QAEAAV0@PAV0@@Z  1000d3b0 f   libvcruntimed:undname.obj
 0001:0000c460       ??YDName@@QAEAAV0@W4DNameStatus@@@Z 1000d460 f   libvcruntimed:undname.obj
 0001:0000c4c0       ??YReplicator@@QAEAAV0@ABVDName@@@Z 1000d4c0 f   libvcruntimed:undname.obj
 0001:0000c550       ??_5DName@@QAEAAV0@ABV0@@Z 1000d550 f   libvcruntimed:undname.obj
 0001:0000c5b0       ??__K_l@@YA?AUStringLiteral@@PBDI@Z 1000d5b0 f i libvcruntimed:undname.obj
 0001:0000c5d0       ?Constructor@_HeapManager@@QAEXP6APAXI@ZP6AXPAX@Z@Z 1000d5d0 f i libvcruntimed:undname.obj
 0001:0000c610       ?Destructor@_HeapManager@@QAEXXZ 1000d610 f i libvcruntimed:undname.obj
 0001:0000c680       ?UScore@UnDecorator@@SA?AUStringLiteral@@W4Tokens@@@Z 1000d680 f   libvcruntimed:undname.obj
 0001:0000c6d0       ?composeDeclaration@UnDecorator@@CA?AVDName@@ABV2@@Z 1000d6d0 f i libvcruntimed:undname.obj
 0001:0000e640       ?dbGetString@DName@@QBEPADXZ 1000f640 f   libvcruntimed:undname.obj
 0001:0000e660       ?doAccessSpecifiers@UnDecorator@@SAHXZ 1000f660 f i libvcruntimed:undname.obj
 0001:0000e690       ?doAllocationLanguage@UnDecorator@@SAHXZ 1000f690 f i libvcruntimed:undname.obj
 0001:0000e6c0       ?doAllocationModel@UnDecorator@@SAHXZ 1000f6c0 f i libvcruntimed:undname.obj
 0001:0000e6f0       ?doEcsu@UnDecorator@@SAHXZ 1000f6f0 f i libvcruntimed:undname.obj
 0001:0000e720       ?doEllipsis@UnDecorator@@SAHXZ 1000f720 f i libvcruntimed:undname.obj
 0001:0000e750       ?doFunctionReturns@UnDecorator@@SAHXZ 1000f750 f i libvcruntimed:undname.obj
 0001:0000e780       ?doMSKeywords@UnDecorator@@SAHXZ 1000f780 f i libvcruntimed:undname.obj
 0001:0000e7b0       ?doMemberTypes@UnDecorator@@SAHXZ 1000f7b0 f i libvcruntimed:undname.obj
 0001:0000e7e0       ?doNameOnly@UnDecorator@@SAHXZ 1000f7e0 f i libvcruntimed:undname.obj
 0001:0000e7f0       ?doNoIdentCharCheck@UnDecorator@@SAHXZ 1000f7f0 f i libvcruntimed:undname.obj
 0001:0000e800       ?doPchar@DName@@AAEXD@Z    1000f800 f   libvcruntimed:undname.obj
 0001:0000e870       ?doPtr64@UnDecorator@@SAHXZ 1000f870 f i libvcruntimed:undname.obj
 0001:0000e8a0       ?doRestrictionSpec@UnDecorator@@SAHXZ 1000f8a0 f i libvcruntimed:undname.obj
 0001:0000e8d0       ?doThisTypes@UnDecorator@@SAHXZ 1000f8d0 f i libvcruntimed:undname.obj
 0001:0000e900       ?doThrowTypes@UnDecorator@@SAHXZ 1000f900 f i libvcruntimed:undname.obj
 0001:0000e930       ?doTypeOnly@UnDecorator@@SAHXZ 1000f930 f i libvcruntimed:undname.obj
 0001:0000e940       ?doUnderScore@UnDecorator@@SAHXZ 1000f940 f i libvcruntimed:undname.obj
 0001:0000e970       ?getArgumentList@UnDecorator@@CA?AVDName@@XZ 1000f970 f   libvcruntimed:undname.obj
 0001:0000eac0       ?getArgumentTypes@UnDecorator@@CA?AVDName@@XZ 1000fac0 f   libvcruntimed:undname.obj
 0001:0000ecd0       ?getArrayType@UnDecorator@@CA?AVDName@@ABV2@@Z 1000fcd0 f i libvcruntimed:undname.obj
 0001:0000ef70       ?getBasedType@UnDecorator@@CA?AVDName@@XZ 1000ff70 f   libvcruntimed:undname.obj
 0001:0000f060       ?getBasicDataType@UnDecorator@@CA?AVDName@@ABV2@@Z 10010060 f   libvcruntimed:undname.obj
 0001:0000f970       ?getCHPEName@UnDecorator@@QAEPADPADH@Z 10010970 f i libvcruntimed:undname.obj
 0001:0000fad0       ?getCallIndex@UnDecorator@@CA?AVDName@@XZ 10010ad0 f i libvcruntimed:undname.obj
 0001:0000faf0       ?getCallingConvention@UnDecorator@@CA?AVDName@@XZ 10010af0 f   libvcruntimed:undname.obj
 0001:0000fd30       ?getDataIndirectType@UnDecorator@@CA?AVDName@@ABV2@W4IndirectionKind@@0H@Z 10010d30 f   libvcruntimed:undname.obj
 0001:00010650       ?getDataIndirectType@UnDecorator@@CA?AVDName@@XZ 10011650 f i libvcruntimed:undname.obj
 0001:00010690       ?getDataType@UnDecorator@@CA?AVDName@@PAV2@@Z 10011690 f   libvcruntimed:undname.obj
 0001:000107d0       ?getDecoratedName@UnDecorator@@CA?AVDName@@XZ 100117d0 f   libvcruntimed:undname.obj
 0001:00010c10       ?getDimension@UnDecorator@@CA?AVDName@@_N@Z 10011c10 f   libvcruntimed:undname.obj
 0001:00010ef0       ?getDispatchTarget@UnDecorator@@CA?AVDName@@XZ 10011ef0 f   libvcruntimed:undname.obj
 0001:00010f90       ?getDisplacement@UnDecorator@@CA?AVDName@@XZ 10011f90 f i libvcruntimed:undname.obj
 0001:00010fb0       ?getECSUDataType@UnDecorator@@CA?AVDName@@XZ 10011fb0 f   libvcruntimed:undname.obj
 0001:00011210       ?getECSUName@UnDecorator@@CA?AVDName@@XZ 10012210 f i libvcruntimed:undname.obj
 0001:00011230       ?getEnumType@UnDecorator@@CA?AVDName@@XZ 10012230 f i libvcruntimed:undname.obj
 0001:000113e0       ?getExtendedDataIndirectType@UnDecorator@@CA?AVDName@@AAW4IndirectionKind@@AA_NH@Z 100123e0 f   libvcruntimed:undname.obj
 0001:00011630       ?getExternalDataType@UnDecorator@@CA?AVDName@@ABV2@@Z 10012630 f i libvcruntimed:undname.obj
 0001:000116d0       ?getFunctionIndirectType@UnDecorator@@CA?AVDName@@ABV2@@Z 100126d0 f   libvcruntimed:undname.obj
 0001:00011bb0       ?getGuardNumber@UnDecorator@@CA?AVDName@@XZ 10012bb0 f i libvcruntimed:undname.obj
 0001:00011bd0       ?getLastChar@DName@@QBEDXZ 10012bd0 f i libvcruntimed:undname.obj
 0001:00011c10       ?getLastChar@DNameStatusNode@@UBEDXZ 10012c10 f i libvcruntimed:undname.obj
 0001:00011c40       ?getLastChar@charNode@@UBEDXZ 10012c40 f i libvcruntimed:undname.obj
 0001:00011c60       ?getLastChar@pDNameNode@@UBEDXZ 10012c60 f i libvcruntimed:undname.obj
 0001:00011c90       ?getLastChar@pairNode@@UBEDXZ 10012c90 f i libvcruntimed:undname.obj
 0001:00011d00       ?getLastChar@pcharNode@@UBEDXZ 10012d00 f i libvcruntimed:undname.obj
 0001:00011d40       ?getLexicalFrame@UnDecorator@@CA?AVDName@@XZ 10012d40 f i libvcruntimed:undname.obj
 0001:00011d80       ?getMemoryWithBuffer@_HeapManager@@QAEPAXI@Z 10012d80 f   libvcruntimed:undname.obj
 0001:00011e70       ?getMemoryWithoutBuffer@_HeapManager@@QAEPAXI@Z 10012e70 f   libvcruntimed:undname.obj
 0001:00011eb0       ?getNoexcept@UnDecorator@@CA?AVDName@@XZ 10012eb0 f   libvcruntimed:undname.obj
 0001:00011f30       ?getNumberOfDimensions@UnDecorator@@CAHXZ 10012f30 f   libvcruntimed:undname.obj
 0001:00012030       ?getOperatorName@UnDecorator@@CA?AVDName@@_NPA_N@Z 10013030 f i libvcruntimed:undname.obj
 0001:00012ad0       ?getPointerType@UnDecorator@@CA?AVDName@@ABV2@0@Z 10013ad0 f i libvcruntimed:undname.obj
 0001:00012af0       ?getPointerTypeArray@UnDecorator@@CA?AVDName@@ABV2@0@Z 10013af0 f i libvcruntimed:undname.obj
 0001:00012b10       ?getPrimaryDataType@UnDecorator@@CA?AVDName@@ABV2@@Z 10013b10 f   libvcruntimed:undname.obj
 0001:00012f80       ?getPtrRefDataType@UnDecorator@@CA?AVDName@@ABV2@H@Z 10013f80 f   libvcruntimed:undname.obj
 0001:00013230       ?getPtrRefType@UnDecorator@@CA?AVDName@@ABV2@0W4IndirectionKind@@@Z 10014230 f   libvcruntimed:undname.obj
 0001:000133b0       ?getReferenceType@UnDecorator@@CA?AVDName@@ABV2@0W4IndirectionKind@@@Z 100143b0 f i libvcruntimed:undname.obj
 0001:000133d0       ?getRestrictionSpec@UnDecorator@@CA?AVDName@@XZ 100143d0 f   libvcruntimed:undname.obj
 0001:00013590       ?getReturnType@UnDecorator@@CA?AVDName@@PAV2@@Z 10014590 f   libvcruntimed:undname.obj
 0001:000135e0       ?getScope@UnDecorator@@CA?AVDName@@XZ 100145e0 f   libvcruntimed:undname.obj
 0001:00013b70       ?getScopedName@UnDecorator@@CA?AVDName@@XZ 10014b70 f   libvcruntimed:undname.obj
 0001:00013cc0       ?getSignedDimension@UnDecorator@@CA?AVDName@@XZ 10014cc0 f   libvcruntimed:undname.obj
 0001:00013d40       ?getStorageConvention@UnDecorator@@CA?AVDName@@XZ 10014d40 f i libvcruntimed:undname.obj
 0001:00013d60       ?getString@DName@@QBEPADPAD0@Z 10014d60 f i libvcruntimed:undname.obj
 0001:00013dc0       ?getString@DName@@QBEPADPADH@Z 10014dc0 f i libvcruntimed:undname.obj
 0001:00013e50       ?getString@DNameStatusNode@@UBEPADPAD0@Z 10014e50 f i libvcruntimed:undname.obj
 0001:00013e90       ?getString@charNode@@UBEPADPAD0@Z 10014e90 f i libvcruntimed:undname.obj
 0001:00013ec0       ?getString@pDNameNode@@UBEPADPAD0@Z 10014ec0 f i libvcruntimed:undname.obj
 0001:00013f00       ?getString@pairNode@@UBEPADPAD0@Z 10014f00 f i libvcruntimed:undname.obj
 0001:00013f90       ?getString@pcharNode@@UBEPADPAD0@Z 10014f90 f i libvcruntimed:undname.obj
 0001:00013fc0       ?getStringEncoding@UnDecorator@@CA?AVDName@@W4PrefixKind@@H@Z 10014fc0 f   libvcruntimed:undname.obj
 0001:000140d0       ?getStringHelper@@YAPADPADPBD1H@Z 100150d0 f i libvcruntimed:undname.obj
 0001:00014110       ?getSymbolName@UnDecorator@@CA?AVDName@@XZ 10015110 f i libvcruntimed:undname.obj
 0001:000141a0       ?getTemplateArgumentList@UnDecorator@@CA?AVDName@@XZ 100151a0 f   libvcruntimed:undname.obj
 0001:00014470       ?getTemplateName@UnDecorator@@CA?AVDName@@_N@Z 10015470 f   libvcruntimed:undname.obj
 0001:00014630       ?getTemplateNonTypeArgument@UnDecorator@@CA?AVDName@@XZ 10015630 f   libvcruntimed:undname.obj
 0001:00014cf0       ?getTemplateTypeArgument@UnDecorator@@CA?AVDName@@XZ 10015cf0 f   libvcruntimed:undname.obj
 0001:00014e90       ?getThisType@UnDecorator@@CA?AVDName@@XZ 10015e90 f i libvcruntimed:undname.obj
 0001:00014ed0       ?getThrowTypes@UnDecorator@@CA?AVDName@@XZ 10015ed0 f   libvcruntimed:undname.obj
 0001:00014f10       ?getTypeEncoding@UnDecorator@@CAHXZ 10015f10 f i libvcruntimed:undname.obj
 0001:000159d0       ?getUndecoratedName@UnDecorator@@QAEPADPADH@Z 100169d0 f i libvcruntimed:undname.obj
 0001:00015b30       ?getVCallThunkType@UnDecorator@@CA?AVDName@@XZ 10016b30 f i libvcruntimed:undname.obj
 0001:00015bb0       ?getVbTableType@UnDecorator@@CA?AVDName@@ABV2@@Z 10016bb0 f i libvcruntimed:undname.obj
 0001:00015bd0       ?getVdispMapType@UnDecorator@@CA?AVDName@@ABV2@@Z 10016bd0 f i libvcruntimed:undname.obj
 0001:00015c60       ?getVfTableType@UnDecorator@@CA?AVDName@@ABV2@@Z 10016c60 f i libvcruntimed:undname.obj
 0001:00015e70       ?getZName@UnDecorator@@CA?AVDName@@_N0@Z 10016e70 f   libvcruntimed:undname.obj
 0001:000161b0       ?haveTemplateParameters@UnDecorator@@SAHXZ 100171b0 f i libvcruntimed:undname.obj
 0001:000161c0       ?isArray@DName@@QBEHXZ     100171c0 f i libvcruntimed:undname.obj
 0001:000161e0       ?isComArray@DName@@QBEHXZ  100171e0 f i libvcruntimed:undname.obj
 0001:00016200       ?isEmpty@DName@@QBEHXZ     10017200 f i libvcruntimed:undname.obj
 0001:00016230       ?isFull@Replicator@@QBEHXZ 10017230 f i libvcruntimed:undname.obj
 0001:00016260       ?isNoTE@DName@@QBEHXZ      10017260 f i libvcruntimed:undname.obj
 0001:00016280       ?isPinPtr@DName@@QBEHXZ    10017280 f i libvcruntimed:undname.obj
 0001:000162a0       ?isPtrRef@DName@@QBEHXZ    100172a0 f i libvcruntimed:undname.obj
 0001:000162c0       ?isUDC@DName@@QBEHXZ       100172c0 f i libvcruntimed:undname.obj
 0001:00016300       ?isUDTThunk@DName@@QBEHXZ  10017300 f i libvcruntimed:undname.obj
 0001:00016340       ?isVCallThunk@DName@@QBEHXZ 10017340 f i libvcruntimed:undname.obj
 0001:00016360       ?isValid@DName@@QBEHXZ     10017360 f i libvcruntimed:undname.obj
 0001:000163a0       ?length@DName@@QBEHXZ      100173a0 f i libvcruntimed:undname.obj
 0001:000163e0       ?length@DNameStatusNode@@UBEHXZ 100173e0 f i libvcruntimed:undname.obj
 0001:00016400       ?length@charNode@@UBEHXZ   10017400 f i libvcruntimed:undname.obj
 0001:00016410       ?length@pDNameNode@@UBEHXZ 10017410 f i libvcruntimed:undname.obj
 0001:00016440       ?length@pairNode@@UBEHXZ   10017440 f i libvcruntimed:undname.obj
 0001:000164b0       ?length@pcharNode@@UBEHXZ  100174b0 f i libvcruntimed:undname.obj
 0001:000164d0       ?make@DNameStatusNode@@SAPBV1@W4DNameStatus@@@Z 100174d0 f i libvcruntimed:undname.obj
 0001:00016500       ?parseDecoratedName@UnDecorator@@CA?AVDName@@XZ 10017500 f   libvcruntimed:undname.obj
 0001:00016690       ?raw_length@DNameStatusNode@@UBEHXZ 10017690 f i libvcruntimed:undname.obj
 0001:000166b0       ?raw_length@charNode@@UBEHXZ 100176b0 f i libvcruntimed:undname.obj
 0001:000166d0       ?raw_length@pDNameNode@@UBEHXZ 100176d0 f i libvcruntimed:undname.obj
 0001:000166e0       ?raw_length@pairNode@@UBEHXZ 100176e0 f i libvcruntimed:undname.obj
 0001:00016700       ?raw_length@pcharNode@@UBEHXZ 10017700 f i libvcruntimed:undname.obj
 0001:00016720       ?setIsArray@DName@@QAEXXZ  10017720 f i libvcruntimed:undname.obj
 0001:00016740       ?setIsComArray@DName@@QAEXXZ 10017740 f i libvcruntimed:undname.obj
 0001:00016760       ?setIsNoTE@DName@@QAEXXZ   10017760 f i libvcruntimed:undname.obj
 0001:00016780       ?setIsPinPtr@DName@@QAEXXZ 10017780 f i libvcruntimed:undname.obj
 0001:000167a0       ?setIsUDC@DName@@QAEXXZ    100177a0 f i libvcruntimed:undname.obj
 0001:000167d0       ?setIsVCallThunk@DName@@QAEXXZ 100177d0 f i libvcruntimed:undname.obj
 0001:000167f0       ?setPtrRef@DName@@QAEAAV1@XZ 100177f0 f i libvcruntimed:undname.obj
 0001:00016810       ?status@DName@@QBE?AW4DNameStatus@@XZ 10017810 f i libvcruntimed:undname.obj
 0001:00016910       ___unDName                 10017910 f   libvcruntimed:undname.obj
 0001:00016940       ___unDNameEx               10017940 f   libvcruntimed:undname.obj
 0001:00016a10       _unDNameGenerateCHPE       10017a10 f   libvcruntimed:undname.obj
 0001:00016a70       ___vcrt_initialize_locks   10017a70 f   libvcruntimed:locks.obj
 0001:00016ad0       ___vcrt_lock               10017ad0 f   libvcruntimed:locks.obj
 0001:00016af0       ___vcrt_uninitialize_locks 10017af0 f   libvcruntimed:locks.obj
 0001:00016b40       ___vcrt_unlock             10017b40 f   libvcruntimed:locks.obj
 0001:00016b60       __global_unwind2           10017b60 f   libvcruntimed:exsup.obj
 0001:00016bc6       __local_unwind2            10017bc6 f   libvcruntimed:exsup.obj
 0001:00016c4a       __abnormal_termination     10017c4a f   libvcruntimed:exsup.obj
 0001:00016c70       __NLG_Notify1              10017c70 f   libvcruntimed:exsup.obj
 0001:00016c7c       __NLG_Notify               10017c7c f   libvcruntimed:exsup.obj
 0001:00016c93       __NLG_Dispatch             10017c93     libvcruntimed:exsup.obj
 0001:00016c93       __NLG_Dispatch2            10017c93     libvcruntimed:exsup.obj
 0001:00016c9b       __NLG_Call                 10017c9b f   libvcruntimed:exsup.obj
 0001:00016c9d       __NLG_Return2              10017c9d     libvcruntimed:exsup.obj
 0001:00016ca0       ??$__crt_interlocked_exchange_pointer@UHINSTANCE__@@PAU1@@@YAPAUHINSTANCE__@@PDSAU0@QAU0@@Z 10017ca0 f i libvcruntimed:winapi_downlevel.obj
 0001:00016cb0       ??$__crt_interlocked_exchange_pointer@UHINSTANCE__@@PAX@@YAPAUHINSTANCE__@@PDSAU0@QAX@Z 10017cb0 f i libvcruntimed:winapi_downlevel.obj
 0001:00016cc0       ??$__crt_interlocked_exchange_pointer@XPAX@@YAPAXPDSAXQAX@Z 10017cc0 f i libvcruntimed:winapi_downlevel.obj
 0001:00016cd0       ??$__crt_interlocked_read_pointer@UHINSTANCE__@@@@YAPAUHINSTANCE__@@PDSAU0@@Z 10017cd0 f i libvcruntimed:winapi_downlevel.obj
 0001:00016cf0       ??$__crt_interlocked_read_pointer@X@@YAPAXPDSAX@Z 10017cf0 f i libvcruntimed:winapi_downlevel.obj
 0001:000170c0       ___vcrt_FlsAlloc           100180c0 f   libvcruntimed:winapi_downlevel.obj
 0001:00017100       ___vcrt_FlsFree            10018100 f   libvcruntimed:winapi_downlevel.obj
 0001:00017140       ___vcrt_FlsGetValue        10018140 f   libvcruntimed:winapi_downlevel.obj
 0001:00017180       ___vcrt_FlsSetValue        10018180 f   libvcruntimed:winapi_downlevel.obj
 0001:000171d0       ___vcrt_InitializeCriticalSectionEx 100181d0 f   libvcruntimed:winapi_downlevel.obj
 0001:00017220       ??$__crt_interlocked_exchange_pointer@$$A6AXXZP6AXXZ@@YAP6AXXZPDS6AXXZQ6AXXZ@Z 10018220 f i libvcruntimed:purevirt.obj
 0001:00017230       ??$__crt_interlocked_read_pointer@$$A6AXXZ@@YAP6AXXZPDS6AXXZ@Z 10018230 f i libvcruntimed:purevirt.obj
 0001:00017250       __get_purecall_handler     10018250 f   libvcruntimed:purevirt.obj
 0001:00017270       __purecall                 10018270 f   libvcruntimed:purevirt.obj
 0001:000172a0       __set_purecall_handler     100182a0 f   libvcruntimed:purevirt.obj
 0001:000172c0       ??$?0AAViterator@TryBlockMap@__FrameHandler3@@AAV012@$0A@@?$pair@Viterator@TryBlockMap@__FrameHandler3@@V123@@std@@QAE@AAViterator@TryBlockMap@__FrameHandler3@@0@Z 100182c0 f i libvcruntimed:trnsctrl.obj
 0001:00017310       ??$forward@AAViterator@TryBlockMap@__FrameHandler3@@@std@@YAAAViterator@TryBlockMap@__FrameHandler3@@AAV123@@Z 10018310 f i libvcruntimed:trnsctrl.obj
 0001:00017320       ??0iterator@TryBlockMap@__FrameHandler3@@QAE@AAV12@I@Z 10018320 f i libvcruntimed:trnsctrl.obj
 0001:00017350       ?GetRangeOfTrysToCheck@__FrameHandler3@@SA?AU?$pair@Viterator@TryBlockMap@__FrameHandler3@@V123@@std@@AAVTryBlockMap@1@HPAXPBU_s_FuncInfo@@H@Z 10018350 f   libvcruntimed:trnsctrl.obj
 0001:00017430       ?_CallCatchBlock2@@YAPAXPAUEHRegistrationNode@@PBU_s_FuncInfo@@PAXHK@Z 10018430 f   libvcruntimed:trnsctrl.obj
 0001:000174a0       ?_CallSETranslator@@YAHPAUEHExceptionRecord@@PAUEHRegistrationNode@@PAX2PBU_s_FuncInfo@@H1@Z 100184a0 f   libvcruntimed:trnsctrl.obj
 0001:000175a0       ?_JumpToContinuation@@YGXPAXPAUEHRegistrationNode@@@Z 100185a0 f   libvcruntimed:trnsctrl.obj
 0001:000175e0       ?_UnwindNestedFrames@@YGXPAUEHRegistrationNode@@PAUEHExceptionRecord@@@Z 100185e0 f   libvcruntimed:trnsctrl.obj
 0001:00017640       __CatchGuardHandler        10018640 f   libvcruntimed:trnsctrl.obj
 0001:00017690       __CreateFrameInfo          10018690 f   libvcruntimed:trnsctrl.obj
 0001:000176c0       __FindAndUnlinkFrame       100186c0 f   libvcruntimed:trnsctrl.obj
 0001:00017730       __TranslatorGuardHandler   10018730 f   libvcruntimed:trnsctrl.obj
 0001:000177e0       ___CxxFrameHandler         100187e0 f   libvcruntimed:trnsctrl.obj
 0001:00017820       ___CxxFrameHandler2        10018820 f   libvcruntimed:trnsctrl.obj
 0001:00017860       ___CxxFrameHandler3        10018860 f   libvcruntimed:trnsctrl.obj
 0001:000178a0       ___CxxLongjmpUnwind@4      100188a0 f   libvcruntimed:trnsctrl.obj
 0001:00018450       ??$TypeMatchHelper@V__FrameHandler3@@@@YAHPBU_s_HandlerType@@PBU_s_CatchableType@@PBU_s_ThrowInfo@@@Z 10019450 f i libvcruntimed:frame.obj
 0001:00018530       ??$__InternalCxxFrameHandler@V__FrameHandler3@@@@YA?AW4_EXCEPTION_DISPOSITION@@PAUEHExceptionRecord@@PAUEHRegistrationNode@@PAU_CONTEXT@@PAXPBU_s_FuncInfo@@H1E@Z 10019530 f i libvcruntimed:frame.obj
 0001:000186f0       ??0HandlerMap@__FrameHandler3@@QAE@PBU_s_TryBlockMapEntry@@II@Z 100196f0 f i libvcruntimed:frame.obj
 0001:00018720       ??0TryBlockMap@__FrameHandler3@@QAE@PBU_s_FuncInfo@@I@Z 10019720 f i libvcruntimed:frame.obj
 0001:00018750       ??0bad_exception@std@@QAE@ABV01@@Z 10019750 f i libvcruntimed:frame.obj
 0001:00018780       ??0bad_exception@std@@QAE@XZ 10019780 f i libvcruntimed:frame.obj
 0001:000187b0       ??0exception@std@@QAE@ABV01@@Z 100197b0 f i libvcruntimed:frame.obj
 0001:000187f0       ??0exception@std@@QAE@QBDH@Z 100197f0 f i libvcruntimed:frame.obj
 0001:00018820       ??0iterator@HandlerMap@__FrameHandler3@@QAE@AAV12@I@Z 10019820 f i libvcruntimed:frame.obj
 0001:00018850       ??1bad_exception@std@@UAE@XZ 10019850 f i libvcruntimed:frame.obj
 0001:00018870       ??1exception@std@@UAE@XZ   10019870 f i libvcruntimed:frame.obj
 0001:000188a0       ??8iterator@HandlerMap@__FrameHandler3@@QBE_NABV012@@Z 100198a0 f i libvcruntimed:frame.obj
 0001:000188d0       ??8type_info@@QBE_NABV0@@Z 100198d0 f i libvcruntimed:frame.obj
 0001:00018910       ??9iterator@HandlerMap@__FrameHandler3@@QBE_NABV012@@Z 10019910 f i libvcruntimed:frame.obj
 0001:00018950       ??Diterator@HandlerMap@__FrameHandler3@@QAE?BU_s_HandlerType@@XZ 10019950 f i libvcruntimed:frame.obj
 0001:00018990       ??Diterator@TryBlockMap@__FrameHandler3@@QAE?BU_s_TryBlockMapEntry@@XZ 10019990 f i libvcruntimed:frame.obj
 0001:000189e0       ??Eiterator@HandlerMap@__FrameHandler3@@QAEAAV012@XZ 100199e0 f i libvcruntimed:frame.obj
 0001:00018a00       ??Eiterator@TryBlockMap@__FrameHandler3@@QAEAAV012@XZ 10019a00 f i libvcruntimed:frame.obj
 0001:00018a20       ??Miterator@TryBlockMap@__FrameHandler3@@QBE_NABV012@@Z 10019a20 f i libvcruntimed:frame.obj
 0001:00018a50       ??_Ebad_exception@std@@UAEPAXI@Z 10019a50 f i libvcruntimed:frame.obj
 0001:00018a50       ??_Gbad_exception@std@@UAEPAXI@Z 10019a50 f i libvcruntimed:frame.obj
 0001:00018a80       ??_Gexception@std@@UAEPAXI@Z 10019a80 f i libvcruntimed:frame.obj
 0001:00018a80       ??_Eexception@std@@UAEPAXI@Z 10019a80 f i libvcruntimed:frame.obj
 0001:00018ab0       ?BuildCatchObject@__FrameHandler3@@SAXPAUEHExceptionRecord@@PAXPBU_s_HandlerType@@PBU_s_CatchableType@@@Z 10019ab0 f   libvcruntimed:frame.obj
 0001:00018ad0       ?BuildCatchObjectHelper@__FrameHandler3@@SAHPAUEHExceptionRecord@@PAXPBU_s_HandlerType@@PBU_s_CatchableType@@@Z 10019ad0 f   libvcruntimed:frame.obj
 0001:00018e70       ?FrameUnwindToEmptyState@__FrameHandler3@@SAXPAUEHRegistrationNode@@PAXPBU_s_FuncInfo@@@Z 10019e70 f   libvcruntimed:frame.obj
 0001:00018e90       ?FrameUnwindToState@__FrameHandler3@@SAXPAUEHRegistrationNode@@PAXPBU_s_FuncInfo@@H@Z 10019e90 f   libvcruntimed:frame.obj
 0001:00019010       ?GetMaxState@__FrameHandler3@@SAHPAXPBU_s_FuncInfo@@@Z 1001a010 f i libvcruntimed:frame.obj
 0001:00019130       ?TypeMatch@__FrameHandler3@@SAHPBU_s_HandlerType@@PBU_s_CatchableType@@PBU_s_ThrowInfo@@@Z 1001a130 f   libvcruntimed:frame.obj
 0001:00019150       ?_CallMemberFunction1@@YGXQAX00@Z 1001a150 f i libvcruntimed:frame.obj
 0001:00019180       ?_CallMemberFunction2@@YGXQAX00H@Z 1001a180 f i libvcruntimed:frame.obj
 0001:000191b0       ?begin@HandlerMap@__FrameHandler3@@QAE?AViterator@12@XZ 1001a1b0 f i libvcruntimed:frame.obj
 0001:000191d0       ?end@HandlerMap@__FrameHandler3@@QAE?AViterator@12@XZ 1001a1d0 f i libvcruntimed:frame.obj
 0001:00019200       ?getESTypes@__FrameHandler3@@SAPBU_s_ESTypeList@@PBU_s_FuncInfo@@@Z 1001a200 f i libvcruntimed:frame.obj
 0001:00019210       ?getLastEntry@HandlerMap@__FrameHandler3@@QAEPBU_s_HandlerType@@XZ 1001a210 f i libvcruntimed:frame.obj
 0001:00019230       ?getMagicNum@__FrameHandler3@@SAIPBU_s_FuncInfo@@@Z 1001a230 f i libvcruntimed:frame.obj
 0001:00019240       ?getNumTryBlocks@TryBlockMap@__FrameHandler3@@QAEIXZ 1001a240 f i libvcruntimed:frame.obj
 0001:00019260       ?isEHs@__FrameHandler3@@SA_NPBU_s_FuncInfo@@@Z 1001a260 f i libvcruntimed:frame.obj
 0001:00019290       ?isNoExcept@__FrameHandler3@@SA_NPBU_s_FuncInfo@@@Z 1001a290 f i libvcruntimed:frame.obj
 0001:000192c0       ?what@exception@std@@UBEPBDXZ 1001a2c0 f i libvcruntimed:frame.obj
 0001:000192f0       ___BuildCatchObject        1001a2f0 f   libvcruntimed:frame.obj
 0001:00019310       ___BuildCatchObjectHelper  1001a310 f   libvcruntimed:frame.obj
 0001:00019330       ___TypeMatch               1001a330 f   libvcruntimed:frame.obj
 0001:00019350       ___vcrt_EncodePointer      1001a350 f i libvcruntimed:frame.obj
 0001:00019360       __CallSettingFrame@12      1001a360 f   libvcruntimed:lowhelpr.obj
 0001:00019387       __NLG_Return               1001a387     libvcruntimed:lowhelpr.obj
 0001:000193e0       __get_unexpected           1001a3e0 f   libvcruntimed:unexpected.obj
 0001:00019400       _set_unexpected            1001a400 f   libvcruntimed:unexpected.obj
 0001:00019430       _unexpected                1001a430 f   libvcruntimed:unexpected.obj
 0001:00019470       _memmove                   1001a470 f   libvcruntimed:memmove.obj
 0001:000199f0       ?GetCurrentState@__FrameHandler3@@SAHPAUEHRegistrationNode@@PAXPBU_s_FuncInfo@@@Z 1001a9f0 f   libvcruntimed:ehstate.obj
 0001:00019a20       ?SetState@__FrameHandler3@@SAXPAUEHRegistrationNode@@PBU_s_FuncInfo@@H@Z 1001aa20 f   libvcruntimed:ehstate.obj
 0001:00019a30       ??$?RD@__crt_public_free_policy@@QBEXQBD@Z 1001aa30 f i libvcruntimed:std_exception.obj
 0001:00019a50       ??0?$__crt_unique_heap_ptr@DU__crt_public_free_policy@@@@QAE@QAD@Z 1001aa50 f i libvcruntimed:std_exception.obj
 0001:00019a70       ??1?$__crt_unique_heap_ptr@DU__crt_public_free_policy@@@@QAE@XZ 1001aa70 f i libvcruntimed:std_exception.obj
 0001:00019a90       ??B?$__crt_unique_heap_ptr@DU__crt_public_free_policy@@@@QBE_NXZ 1001aa90 f i libvcruntimed:std_exception.obj
 0001:00019ab0       ?detach@?$__crt_unique_heap_ptr@DU__crt_public_free_policy@@@@QAEPADXZ 1001aab0 f i libvcruntimed:std_exception.obj
 0001:00019ae0       ?get@?$__crt_unique_heap_ptr@DU__crt_public_free_policy@@@@QBEPADXZ 1001aae0 f i libvcruntimed:std_exception.obj
 0001:00019af0       ?is_valid@?$__crt_unique_heap_ptr@DU__crt_public_free_policy@@@@QBE_NXZ 1001aaf0 f i libvcruntimed:std_exception.obj
 0001:00019b20       ?release@?$__crt_unique_heap_ptr@DU__crt_public_free_policy@@@@QAEXXZ 1001ab20 f i libvcruntimed:std_exception.obj
 0001:00019b50       ___std_exception_copy      1001ab50 f   libvcruntimed:std_exception.obj
 0001:00019c40       ___std_exception_destroy   1001ac40 f   libvcruntimed:std_exception.obj
 0001:00019c70       __CxxThrowException@8      1001ac70 f   libvcruntimed:throw.obj
 0001:00019d20       ??$__crt_interlocked_read@J@@YAJPDJ@Z 1001ad20 f i libucrtd:assert.obj
 0001:0001b7c0       ??$ftprintf@PAU_iobuf@@PBDABQBDABQBDABI@?$__crt_char_traits@D@@SAH$$QAPAU_iobuf@@$$QAPBDABQBD2ABI@Z 1001c7c0 f i libucrtd:assert.obj
 0001:0001b7f0       ??$ftprintf@PAU_iobuf@@PB_WABQB_WABQB_WABI@?$__crt_char_traits@_W@@SAH$$QAPAU_iobuf@@$$QAPB_WABQB_W2ABI@Z 1001c7f0 f i libucrtd:assert.obj
 0001:0001b820       ??$get_module_file_name@AAPAUHINSTANCE__@@AAY0BAF@DK@?$__crt_char_traits@D@@SAKAAPAUHINSTANCE__@@AAY0BAF@D$$QAK@Z 1001c820 f i libucrtd:assert.obj
 0001:0001b840       ??$get_module_file_name@AAPAUHINSTANCE__@@AAY0BAF@_WK@?$__crt_char_traits@_W@@SAKAAPAUHINSTANCE__@@AAY0BAF@_W$$QAK@Z 1001c840 f i libucrtd:assert.obj
 0001:0001b860       ??$itot_s@ABIPADIH@?$__crt_char_traits@D@@SAHABI$$QAPAD$$QAI$$QAH@Z 1001c860 f i libucrtd:assert.obj
 0001:0001b890       ??$itot_s@ABIPA_WIH@?$__crt_char_traits@_W@@SAHABI$$QAPA_W$$QAI$$QAH@Z 1001c890 f i libucrtd:assert.obj
 0001:0001b8c0       ??$show_message_box@AAY0CEA@DPBDJ@?$__crt_char_traits@D@@SAHAAY0CEA@D$$QAPBD$$QAJ@Z 1001c8c0 f i libucrtd:assert.obj
 0001:0001b8e0       ??$show_message_box@AAY0CEA@_WPB_WJ@?$__crt_char_traits@_W@@SAHAAY0CEA@_W$$QAPB_W$$QAJ@Z 1001c8e0 f i libucrtd:assert.obj
 0001:0001b900       ??$tcscat_s@ABQADABIAAPAD@?$__crt_char_traits@D@@SAHABQADABIAAPAD@Z 1001c900 f i libucrtd:assert.obj
 0001:0001b930       ??$tcscat_s@ABQADABIABQBD@?$__crt_char_traits@D@@SAHABQADABIABQBD@Z 1001c930 f i libucrtd:assert.obj
 0001:0001b960       ??$tcscat_s@ABQADABIPBD@?$__crt_char_traits@D@@SAHABQADABI$$QAPBD@Z 1001c960 f i libucrtd:assert.obj
 0001:0001b990       ??$tcscat_s@ABQA_WABIAAPA_W@?$__crt_char_traits@_W@@SAHABQA_WABIAAPA_W@Z 1001c990 f i libucrtd:assert.obj
 0001:0001b9c0       ??$tcscat_s@ABQA_WABIABQB_W@?$__crt_char_traits@_W@@SAHABQA_WABIABQB_W@Z 1001c9c0 f i libucrtd:assert.obj
 0001:0001b9f0       ??$tcscat_s@ABQA_WABIPB_W@?$__crt_char_traits@_W@@SAHABQA_WABI$$QAPB_W@Z 1001c9f0 f i libucrtd:assert.obj
 0001:0001ba20       ??$tcscpy_s@AAY0BAF@DIPBD@?$__crt_char_traits@D@@SAHAAY0BAF@D$$QAI$$QAPBD@Z 1001ca20 f i libucrtd:assert.obj
 0001:0001ba40       ??$tcscpy_s@AAY0BAF@_WIPB_W@?$__crt_char_traits@_W@@SAHAAY0BAF@_W$$QAI$$QAPB_W@Z 1001ca40 f i libucrtd:assert.obj
 0001:0001ba60       ??$tcscpy_s@ABQADABIPBD@?$__crt_char_traits@D@@SAHABQADABI$$QAPBD@Z 1001ca60 f i libucrtd:assert.obj
 0001:0001ba90       ??$tcscpy_s@ABQA_WABIPB_W@?$__crt_char_traits@_W@@SAHABQA_WABI$$QAPB_W@Z 1001ca90 f i libucrtd:assert.obj
 0001:0001bac0       ??$tcslen@AAY0BAF@D@?$__crt_char_traits@D@@SAIAAY0BAF@D@Z 1001cac0 f i libucrtd:assert.obj
 0001:0001bae0       ??$tcslen@AAY0BAF@_W@?$__crt_char_traits@_W@@SAIAAY0BAF@_W@Z 1001cae0 f i libucrtd:assert.obj
 0001:0001bb00       ??$tcslen@ABQAD@?$__crt_char_traits@D@@SAIABQAD@Z 1001cb00 f i libucrtd:assert.obj
 0001:0001bb20       ??$tcslen@ABQA_W@?$__crt_char_traits@_W@@SAIABQA_W@Z 1001cb20 f i libucrtd:assert.obj
 0001:0001bb40       ??$tcslen@ABQBD@?$__crt_char_traits@D@@SAIABQBD@Z 1001cb40 f i libucrtd:assert.obj
 0001:0001bb60       ??$tcslen@ABQB_W@?$__crt_char_traits@_W@@SAIABQB_W@Z 1001cb60 f i libucrtd:assert.obj
 0001:0001bb80       ??$tcsncat_s@ABQADABIAAPBDI@?$__crt_char_traits@D@@SAHABQADABIAAPBD$$QAI@Z 1001cb80 f i libucrtd:assert.obj
 0001:0001bbb0       ??$tcsncat_s@ABQADABIABQBDABI@?$__crt_char_traits@D@@SAHABQADABIABQBD1@Z 1001cbb0 f i libucrtd:assert.obj
 0001:0001bbe0       ??$tcsncat_s@ABQADABIPBDI@?$__crt_char_traits@D@@SAHABQADABI$$QAPBD$$QAI@Z 1001cbe0 f i libucrtd:assert.obj
 0001:0001bc10       ??$tcsncat_s@ABQA_WABIAAPB_WI@?$__crt_char_traits@_W@@SAHABQA_WABIAAPB_W$$QAI@Z 1001cc10 f i libucrtd:assert.obj
 0001:0001bc40       ??$tcsncat_s@ABQA_WABIABQB_WABI@?$__crt_char_traits@_W@@SAHABQA_WABIABQB_W1@Z 1001cc40 f i libucrtd:assert.obj
 0001:0001bc70       ??$tcsncat_s@ABQA_WABIPB_WI@?$__crt_char_traits@_W@@SAHABQA_WABI$$QAPB_W$$QAI@Z 1001cc70 f i libucrtd:assert.obj
 0001:0001bca0       ??0__crt_stdio_stream@@QAE@QAU_iobuf@@@Z 1001cca0 f i libucrtd:assert.obj
 0001:0001be90       ?get_flags@__crt_stdio_stream@@QBEJXZ 1001ce90 f i libucrtd:assert.obj
 0001:0001bf70       ?has_any_buffer@__crt_stdio_stream@@QBE_NXZ 1001cf70 f i libucrtd:assert.obj
 0001:0001bf90       ?has_any_of@__crt_stdio_stream@@QBE_NJ@Z 1001cf90 f i libucrtd:assert.obj
 0001:0001bfd0       __assert                   1001cfd0 f   libucrtd:assert.obj
 0001:0001bff0       __invoke_watson_if_error   1001cff0 f i libucrtd:assert.obj
 0001:0001c020       __vfwprintf_l              1001d020 f i libucrtd:assert.obj
 0001:0001c050       __vswprintf_c_l            1001d050 f i libucrtd:assert.obj
 0001:0001c0a0       __wassert                  1001d0a0 f   libucrtd:assert.obj
 0001:0001c0c0       _fwprintf                  1001d0c0 f i libucrtd:assert.obj
 0001:0001c210       _swprintf                  1001d210 f i libucrtd:assert.obj
 0001:0001c250       ??$?RPAU__crt_stdio_stream_data@@@__crt_internal_free_policy@@QBEXQBQAU__crt_stdio_stream_data@@@Z 1001d250 f i libucrtd:_file.obj
 0001:0001c270       ??0?$__crt_unique_heap_ptr@PAU__crt_stdio_stream_data@@U__crt_internal_free_policy@@@@QAE@QAPAU__crt_stdio_stream_data@@@Z 1001d270 f i libucrtd:_file.obj
 0001:0001c290       ??1?$__crt_unique_heap_ptr@PAU__crt_stdio_stream_data@@U__crt_internal_free_policy@@@@QAE@XZ 1001d290 f i libucrtd:_file.obj
 0001:0001c2b0       ??C__crt_stdio_stream@@QBEPAU__crt_stdio_stream_data@@XZ 1001d2b0 f i libucrtd:_file.obj
 0001:0001c2d0       ?detach@?$__crt_unique_heap_ptr@PAU__crt_stdio_stream_data@@U__crt_internal_free_policy@@@@QAEPAPAU__crt_stdio_stream_data@@XZ 1001d2d0 f i libucrtd:_file.obj
 0001:0001c300       ?release@?$__crt_unique_heap_ptr@PAU__crt_stdio_stream_data@@U__crt_internal_free_policy@@@@QAEXXZ 1001d300 f i libucrtd:_file.obj
 0001:0001c330       ___acrt_initialize_stdio   1001d330 f   libucrtd:_file.obj
 0001:0001c4a0       ___acrt_iob_func           1001d4a0 f   libucrtd:_file.obj
 0001:0001c4b0       ___acrt_uninitialize_stdio 1001d4b0 f   libucrtd:_file.obj
 0001:0001c530       __get_stream_buffer_pointers 1001d530 f   libucrtd:_file.obj
 0001:0001c610       __lock_file                1001d610 f   libucrtd:_file.obj
 0001:0001c640       __unlock_file              1001d640 f   libucrtd:_file.obj
 0001:0001c670       ??$?0ABV?$stream_output_adapter@D@__crt_stdio_output@@AB_KABQBDABQAU__crt_locale_pointers@@ABQAD@?$format_validation_base@DV?$stream_output_adapter@D@__crt_stdio_output@@@__crt_stdio_output@@IAE@ABV?$stream_output_adapter@D@1@AB_KABQBDABQAU__crt_locale_pointers@@ABQAD@Z 1001d670 f i libucrtd:output.obj
 0001:0001c6a0       ??$?0ABV?$stream_output_adapter@D@__crt_stdio_output@@AB_KABQBDABQAU__crt_locale_pointers@@ABQAD@?$positional_parameter_base@DV?$stream_output_adapter@D@__crt_stdio_output@@@__crt_stdio_output@@IAE@ABV?$stream_output_adapter@D@1@AB_KABQBDABQAU__crt_locale_pointers@@ABQAD@Z 1001d6a0 f i libucrtd:output.obj
 0001:0001c720       ??$?0ABV?$stream_output_adapter@D@__crt_stdio_output@@AB_KABQBDABQAU__crt_locale_pointers@@ABQAD@?$standard_base@DV?$stream_output_adapter@D@__crt_stdio_output@@@__crt_stdio_output@@IAE@ABV?$stream_output_adapter@D@1@AB_KABQBDABQAU__crt_locale_pointers@@ABQAD@Z 1001d720 f i libucrtd:output.obj
 0001:0001c770       ??$?0ABV?$stream_output_adapter@_W@__crt_stdio_output@@AB_KABQB_WABQAU__crt_locale_pointers@@ABQAD@?$format_validation_base@_WV?$stream_output_adapter@_W@__crt_stdio_output@@@__crt_stdio_output@@IAE@ABV?$stream_output_adapter@_W@1@AB_KABQB_WABQAU__crt_locale_pointers@@ABQAD@Z 1001d770 f i libucrtd:output.obj
 0001:0001c7a0       ??$?0ABV?$stream_output_adapter@_W@__crt_stdio_output@@AB_KABQB_WABQAU__crt_locale_pointers@@ABQAD@?$positional_parameter_base@_WV?$stream_output_adapter@_W@__crt_stdio_output@@@__crt_stdio_output@@IAE@ABV?$stream_output_adapter@_W@1@AB_KABQB_WABQAU__crt_locale_pointers@@ABQAD@Z 1001d7a0 f i libucrtd:output.obj
 0001:0001c820       ??$?0ABV?$stream_output_adapter@_W@__crt_stdio_output@@AB_KABQB_WABQAU__crt_locale_pointers@@ABQAD@?$standard_base@_WV?$stream_output_adapter@_W@__crt_stdio_output@@@__crt_stdio_output@@IAE@ABV?$stream_output_adapter@_W@1@AB_KABQB_WABQAU__crt_locale_pointers@@ABQAD@Z 1001d820 f i libucrtd:output.obj
 0001:0001c870       ??$?0ABV?$string_output_adapter@D@__crt_stdio_output@@AB_KABQBDABQAU__crt_locale_pointers@@ABQAD@?$format_validation_base@DV?$string_output_adapter@D@__crt_stdio_output@@@__crt_stdio_output@@IAE@ABV?$string_output_adapter@D@1@AB_KABQBDABQAU__crt_locale_pointers@@ABQAD@Z 1001d870 f i libucrtd:output.obj
 0001:0001c8a0       ??$?0ABV?$string_output_adapter@D@__crt_stdio_output@@AB_KABQBDABQAU__crt_locale_pointers@@ABQAD@?$positional_parameter_base@DV?$string_output_adapter@D@__crt_stdio_output@@@__crt_stdio_output@@IAE@ABV?$string_output_adapter@D@1@AB_KABQBDABQAU__crt_locale_pointers@@ABQAD@Z 1001d8a0 f i libucrtd:output.obj
 0001:0001c920       ??$?0ABV?$string_output_adapter@D@__crt_stdio_output@@AB_KABQBDABQAU__crt_locale_pointers@@ABQAD@?$standard_base@DV?$string_output_adapter@D@__crt_stdio_output@@@__crt_stdio_output@@IAE@ABV?$string_output_adapter@D@1@AB_KABQBDABQAU__crt_locale_pointers@@ABQAD@Z 1001d920 f i libucrtd:output.obj
 0001:0001c970       ??$?0ABV?$string_output_adapter@_W@__crt_stdio_output@@AB_KABQB_WABQAU__crt_locale_pointers@@ABQAD@?$format_validation_base@_WV?$string_output_adapter@_W@__crt_stdio_output@@@__crt_stdio_output@@IAE@ABV?$string_output_adapter@_W@1@AB_KABQB_WABQAU__crt_locale_pointers@@ABQAD@Z 1001d970 f i libucrtd:output.obj
 0001:0001c9a0       ??$?0ABV?$string_output_adapter@_W@__crt_stdio_output@@AB_KABQB_WABQAU__crt_locale_pointers@@ABQAD@?$positional_parameter_base@_WV?$string_output_adapter@_W@__crt_stdio_output@@@__crt_stdio_output@@IAE@ABV?$string_output_adapter@_W@1@AB_KABQB_WABQAU__crt_locale_pointers@@ABQAD@Z 1001d9a0 f i libucrtd:output.obj
 0001:0001ca20       ??$?0ABV?$string_output_adapter@_W@__crt_stdio_output@@AB_KABQB_WABQAU__crt_locale_pointers@@ABQAD@?$standard_base@_WV?$string_output_adapter@_W@__crt_stdio_output@@@__crt_stdio_output@@IAE@ABV?$string_output_adapter@_W@1@AB_KABQB_WABQAU__crt_locale_pointers@@ABQAD@Z 1001da20 f i libucrtd:output.obj
 0001:0001fce0       ??$count@D@formatting_buffer@__crt_stdio_output@@QBEIXZ 10020ce0 f i libucrtd:output.obj
 0001:0001fd20       ??$count@_W@formatting_buffer@__crt_stdio_output@@QBEIXZ 10020d20 f i libucrtd:output.obj
 0001:0001fd60       ??$data@D@formatting_buffer@__crt_stdio_output@@QAEPADXZ 10020d60 f i libucrtd:output.obj
 0001:0001fda0       ??$data@_W@formatting_buffer@__crt_stdio_output@@QAEPA_WXZ 10020da0 f i libucrtd:output.obj
 0001:0001fde0       ??$ensure_buffer_is_big_enough@D@formatting_buffer@__crt_stdio_output@@QAE_NI@Z 10020de0 f i libucrtd:output.obj
 0001:0001fec0       ??$ensure_buffer_is_big_enough@_W@formatting_buffer@__crt_stdio_output@@QAE_NI@Z 10020ec0 f i libucrtd:output.obj
 0001:0001ffb0       ??$extract_argument_from_va_list@C_J@?$positional_parameter_base@DV?$stream_output_adapter@D@__crt_stdio_output@@@__crt_stdio_output@@IAE_NAA_J@Z 10020fb0 f i libucrtd:output.obj
 0001:000200f0       ??$extract_argument_from_va_list@C_J@?$positional_parameter_base@DV?$string_output_adapter@D@__crt_stdio_output@@@__crt_stdio_output@@IAE_NAA_J@Z 100210f0 f i libucrtd:output.obj
 0001:00020230       ??$extract_argument_from_va_list@C_J@?$positional_parameter_base@_WV?$stream_output_adapter@_W@__crt_stdio_output@@@__crt_stdio_output@@IAE_NAA_J@Z 10021230 f i libucrtd:output.obj
 0001:00020370       ??$extract_argument_from_va_list@C_J@?$positional_parameter_base@_WV?$string_output_adapter@_W@__crt_stdio_output@@@__crt_stdio_output@@IAE_NAA_J@Z 10021370 f i libucrtd:output.obj
 0001:000204b0       ??$extract_argument_from_va_list@C_J@?$standard_base@DV?$stream_output_adapter@D@__crt_stdio_output@@@__crt_stdio_output@@IAE_NAA_J@Z 100214b0 f i libucrtd:output.obj
 0001:000204e0       ??$extract_argument_from_va_list@C_J@?$standard_base@DV?$string_output_adapter@D@__crt_stdio_output@@@__crt_stdio_output@@IAE_NAA_J@Z 100214e0 f i libucrtd:output.obj
 0001:00020510       ??$extract_argument_from_va_list@C_J@?$standard_base@_WV?$stream_output_adapter@_W@__crt_stdio_output@@@__crt_stdio_output@@IAE_NAA_J@Z 10021510 f i libucrtd:output.obj
 0001:00020540       ??$extract_argument_from_va_list@C_J@?$standard_base@_WV?$string_output_adapter@_W@__crt_stdio_output@@@__crt_stdio_output@@IAE_NAA_J@Z 10021540 f i libucrtd:output.obj
 0001:00020570       ??$extract_argument_from_va_list@E_J@?$positional_parameter_base@DV?$stream_output_adapter@D@__crt_stdio_output@@@__crt_stdio_output@@IAE_NAA_J@Z 10021570 f i libucrtd:output.obj
 0001:000206b0       ??$extract_argument_from_va_list@E_J@?$positional_parameter_base@DV?$string_output_adapter@D@__crt_stdio_output@@@__crt_stdio_output@@IAE_NAA_J@Z 100216b0 f i libucrtd:output.obj
 0001:000207f0       ??$extract_argument_from_va_list@E_J@?$positional_parameter_base@_WV?$stream_output_adapter@_W@__crt_stdio_output@@@__crt_stdio_output@@IAE_NAA_J@Z 100217f0 f i libucrtd:output.obj
 0001:00020930       ??$extract_argument_from_va_list@E_J@?$positional_parameter_base@_WV?$string_output_adapter@_W@__crt_stdio_output@@@__crt_stdio_output@@IAE_NAA_J@Z 10021930 f i libucrtd:output.obj
 0001:00020a70       ??$extract_argument_from_va_list@E_J@?$standard_base@DV?$stream_output_adapter@D@__crt_stdio_output@@@__crt_stdio_output@@IAE_NAA_J@Z 10021a70 f i libucrtd:output.obj
 0001:00020aa0       ??$extract_argument_from_va_list@E_J@?$standard_base@DV?$string_output_adapter@D@__crt_stdio_output@@@__crt_stdio_output@@IAE_NAA_J@Z 10021aa0 f i libucrtd:output.obj
 0001:00020ad0       ??$extract_argument_from_va_list@E_J@?$standard_base@_WV?$stream_output_adapter@_W@__crt_stdio_output@@@__crt_stdio_output@@IAE_NAA_J@Z 10021ad0 f i libucrtd:output.obj
 0001:00020b00       ??$extract_argument_from_va_list@E_J@?$standard_base@_WV?$string_output_adapter@_W@__crt_stdio_output@@@__crt_stdio_output@@IAE_NAA_J@Z 10021b00 f i libucrtd:output.obj
 0001:00020b30       ??$extract_argument_from_va_list@F_J@?$positional_parameter_base@DV?$stream_output_adapter@D@__crt_stdio_output@@@__crt_stdio_output@@IAE_NAA_J@Z 10021b30 f i libucrtd:output.obj
 0001:00020c60       ??$extract_argument_from_va_list@F_J@?$positional_parameter_base@DV?$string_output_adapter@D@__crt_stdio_output@@@__crt_stdio_output@@IAE_NAA_J@Z 10021c60 f i libucrtd:output.obj
 0001:00020d90       ??$extract_argument_from_va_list@F_J@?$positional_parameter_base@_WV?$stream_output_adapter@_W@__crt_stdio_output@@@__crt_stdio_output@@IAE_NAA_J@Z 10021d90 f i libucrtd:output.obj
 0001:00020ec0       ??$extract_argument_from_va_list@F_J@?$positional_parameter_base@_WV?$string_output_adapter@_W@__crt_stdio_output@@@__crt_stdio_output@@IAE_NAA_J@Z 10021ec0 f i libucrtd:output.obj
 0001:00020ff0       ??$extract_argument_from_va_list@F_J@?$standard_base@DV?$stream_output_adapter@D@__crt_stdio_output@@@__crt_stdio_output@@IAE_NAA_J@Z 10021ff0 f i libucrtd:output.obj
 0001:00021020       ??$extract_argument_from_va_list@F_J@?$standard_base@DV?$string_output_adapter@D@__crt_stdio_output@@@__crt_stdio_output@@IAE_NAA_J@Z 10022020 f i libucrtd:output.obj
 0001:00021050       ??$extract_argument_from_va_list@F_J@?$standard_base@_WV?$stream_output_adapter@_W@__crt_stdio_output@@@__crt_stdio_output@@IAE_NAA_J@Z 10022050 f i libucrtd:output.obj
 0001:00021080       ??$extract_argument_from_va_list@F_J@?$standard_base@_WV?$string_output_adapter@_W@__crt_stdio_output@@@__crt_stdio_output@@IAE_NAA_J@Z 10022080 f i libucrtd:output.obj
 0001:000210b0       ??$extract_argument_from_va_list@GD@?$positional_parameter_base@DV?$stream_output_adapter@D@__crt_stdio_output@@@__crt_stdio_output@@IAE_NAAD@Z 100220b0 f i libucrtd:output.obj
 0001:000211e0       ??$extract_argument_from_va_list@GD@?$positional_parameter_base@DV?$string_output_adapter@D@__crt_stdio_output@@@__crt_stdio_output@@IAE_NAAD@Z 100221e0 f i libucrtd:output.obj
 0001:00021310       ??$extract_argument_from_va_list@GD@?$standard_base@DV?$stream_output_adapter@D@__crt_stdio_output@@@__crt_stdio_output@@IAE_NAAD@Z 10022310 f i libucrtd:output.obj
 0001:00021340       ??$extract_argument_from_va_list@GD@?$standard_base@DV?$string_output_adapter@D@__crt_stdio_output@@@__crt_stdio_output@@IAE_NAAD@Z 10022340 f i libucrtd:output.obj
 0001:00021370       ??$extract_argument_from_va_list@G_J@?$positional_parameter_base@DV?$stream_output_adapter@D@__crt_stdio_output@@@__crt_stdio_output@@IAE_NAA_J@Z 10022370 f i libucrtd:output.obj
 0001:000214b0       ??$extract_argument_from_va_list@G_J@?$positional_parameter_base@DV?$string_output_adapter@D@__crt_stdio_output@@@__crt_stdio_output@@IAE_NAA_J@Z 100224b0 f i libucrtd:output.obj
 0001:000215f0       ??$extract_argument_from_va_list@G_J@?$positional_parameter_base@_WV?$stream_output_adapter@_W@__crt_stdio_output@@@__crt_stdio_output@@IAE_NAA_J@Z 100225f0 f i libucrtd:output.obj
 0001:00021730       ??$extract_argument_from_va_list@G_J@?$positional_parameter_base@_WV?$string_output_adapter@_W@__crt_stdio_output@@@__crt_stdio_output@@IAE_NAA_J@Z 10022730 f i libucrtd:output.obj
 0001:00021870       ??$extract_argument_from_va_list@G_J@?$standard_base@DV?$stream_output_adapter@D@__crt_stdio_output@@@__crt_stdio_output@@IAE_NAA_J@Z 10022870 f i libucrtd:output.obj
 0001:000218a0       ??$extract_argument_from_va_list@G_J@?$standard_base@DV?$string_output_adapter@D@__crt_stdio_output@@@__crt_stdio_output@@IAE_NAA_J@Z 100228a0 f i libucrtd:output.obj
 0001:000218d0       ??$extract_argument_from_va_list@G_J@?$standard_base@_WV?$stream_output_adapter@_W@__crt_stdio_output@@@__crt_stdio_output@@IAE_NAA_J@Z 100228d0 f i libucrtd:output.obj
 0001:00021900       ??$extract_argument_from_va_list@G_J@?$standard_base@_WV?$string_output_adapter@_W@__crt_stdio_output@@@__crt_stdio_output@@IAE_NAA_J@Z 10022900 f i libucrtd:output.obj
 0001:00021930       ??$extract_argument_from_va_list@H_J@?$positional_parameter_base@DV?$stream_output_adapter@D@__crt_stdio_output@@@__crt_stdio_output@@IAE_NAA_J@Z 10022930 f i libucrtd:output.obj
 0001:00021a60       ??$extract_argument_from_va_list@H_J@?$positional_parameter_base@DV?$string_output_adapter@D@__crt_stdio_output@@@__crt_stdio_output@@IAE_NAA_J@Z 10022a60 f i libucrtd:output.obj
 0001:00021b90       ??$extract_argument_from_va_list@H_J@?$positional_parameter_base@_WV?$stream_output_adapter@_W@__crt_stdio_output@@@__crt_stdio_output@@IAE_NAA_J@Z 10022b90 f i libucrtd:output.obj
 0001:00021cc0       ??$extract_argument_from_va_list@H_J@?$positional_parameter_base@_WV?$string_output_adapter@_W@__crt_stdio_output@@@__crt_stdio_output@@IAE_NAA_J@Z 10022cc0 f i libucrtd:output.obj
 0001:00021df0       ??$extract_argument_from_va_list@H_J@?$standard_base@DV?$stream_output_adapter@D@__crt_stdio_output@@@__crt_stdio_output@@IAE_NAA_J@Z 10022df0 f i libucrtd:output.obj
 0001:00021e20       ??$extract_argument_from_va_list@H_J@?$standard_base@DV?$string_output_adapter@D@__crt_stdio_output@@@__crt_stdio_output@@IAE_NAA_J@Z 10022e20 f i libucrtd:output.obj
 0001:00021e50       ??$extract_argument_from_va_list@H_J@?$standard_base@_WV?$stream_output_adapter@_W@__crt_stdio_output@@@__crt_stdio_output@@IAE_NAA_J@Z 10022e50 f i libucrtd:output.obj
 0001:00021e80       ??$extract_argument_from_va_list@H_J@?$standard_base@_WV?$string_output_adapter@_W@__crt_stdio_output@@@__crt_stdio_output@@IAE_NAA_J@Z 10022e80 f i libucrtd:output.obj
 0001:00021eb0       ??$extract_argument_from_va_list@I_J@?$positional_parameter_base@DV?$stream_output_adapter@D@__crt_stdio_output@@@__crt_stdio_output@@IAE_NAA_J@Z 10022eb0 f i libucrtd:output.obj
 0001:00021fe0       ??$extract_argument_from_va_list@I_J@?$positional_parameter_base@DV?$string_output_adapter@D@__crt_stdio_output@@@__crt_stdio_output@@IAE_NAA_J@Z 10022fe0 f i libucrtd:output.obj
 0001:00022110       ??$extract_argument_from_va_list@I_J@?$positional_parameter_base@_WV?$stream_output_adapter@_W@__crt_stdio_output@@@__crt_stdio_output@@IAE_NAA_J@Z 10023110 f i libucrtd:output.obj
 0001:00022240       ??$extract_argument_from_va_list@I_J@?$positional_parameter_base@_WV?$string_output_adapter@_W@__crt_stdio_output@@@__crt_stdio_output@@IAE_NAA_J@Z 10023240 f i libucrtd:output.obj
 0001:00022370       ??$extract_argument_from_va_list@I_J@?$standard_base@DV?$stream_output_adapter@D@__crt_stdio_output@@@__crt_stdio_output@@IAE_NAA_J@Z 10023370 f i libucrtd:output.obj
 0001:000223a0       ??$extract_argument_from_va_list@I_J@?$standard_base@DV?$string_output_adapter@D@__crt_stdio_output@@@__crt_stdio_output@@IAE_NAA_J@Z 100233a0 f i libucrtd:output.obj
 0001:000223d0       ??$extract_argument_from_va_list@I_J@?$standard_base@_WV?$stream_output_adapter@_W@__crt_stdio_output@@@__crt_stdio_output@@IAE_NAA_J@Z 100233d0 f i libucrtd:output.obj
 0001:00022400       ??$extract_argument_from_va_list@I_J@?$standard_base@_WV?$string_output_adapter@_W@__crt_stdio_output@@@__crt_stdio_output@@IAE_NAA_J@Z 10023400 f i libucrtd:output.obj
 0001:00022430       ??$extract_argument_from_va_list@PADPAD@?$positional_parameter_base@DV?$stream_output_adapter@D@__crt_stdio_output@@@__crt_stdio_output@@IAE_NAAPAD@Z 10023430 f i libucrtd:output.obj
 0001:00022560       ??$extract_argument_from_va_list@PADPAD@?$positional_parameter_base@DV?$string_output_adapter@D@__crt_stdio_output@@@__crt_stdio_output@@IAE_NAAPAD@Z 10023560 f i libucrtd:output.obj
 0001:00022690       ??$extract_argument_from_va_list@PADPAD@?$positional_parameter_base@_WV?$stream_output_adapter@_W@__crt_stdio_output@@@__crt_stdio_output@@IAE_NAAPAD@Z 10023690 f i libucrtd:output.obj
 0001:000227c0       ??$extract_argument_from_va_list@PADPAD@?$positional_parameter_base@_WV?$string_output_adapter@_W@__crt_stdio_output@@@__crt_stdio_output@@IAE_NAAPAD@Z 100237c0 f i libucrtd:output.obj
 0001:000228f0       ??$extract_argument_from_va_list@PADPAD@?$standard_base@DV?$stream_output_adapter@D@__crt_stdio_output@@@__crt_stdio_output@@IAE_NAAPAD@Z 100238f0 f i libucrtd:output.obj
 0001:00022920       ??$extract_argument_from_va_list@PADPAD@?$standard_base@DV?$string_output_adapter@D@__crt_stdio_output@@@__crt_stdio_output@@IAE_NAAPAD@Z 10023920 f i libucrtd:output.obj
 0001:00022950       ??$extract_argument_from_va_list@PADPAD@?$standard_base@_WV?$stream_output_adapter@_W@__crt_stdio_output@@@__crt_stdio_output@@IAE_NAAPAD@Z 10023950 f i libucrtd:output.obj
 0001:00022980       ??$extract_argument_from_va_list@PADPAD@?$standard_base@_WV?$string_output_adapter@_W@__crt_stdio_output@@@__crt_stdio_output@@IAE_NAAPAD@Z 10023980 f i libucrtd:output.obj
 0001:000230b0       ??$extract_argument_from_va_list@PAXPAX@?$positional_parameter_base@DV?$stream_output_adapter@D@__crt_stdio_output@@@__crt_stdio_output@@IAE_NAAPAX@Z 100240b0 f i libucrtd:output.obj
 0001:000231e0       ??$extract_argument_from_va_list@PAXPAX@?$positional_parameter_base@DV?$string_output_adapter@D@__crt_stdio_output@@@__crt_stdio_output@@IAE_NAAPAX@Z 100241e0 f i libucrtd:output.obj
 0001:00023310       ??$extract_argument_from_va_list@PAXPAX@?$positional_parameter_base@_WV?$stream_output_adapter@_W@__crt_stdio_output@@@__crt_stdio_output@@IAE_NAAPAX@Z 10024310 f i libucrtd:output.obj
 0001:00023440       ??$extract_argument_from_va_list@PAXPAX@?$positional_parameter_base@_WV?$string_output_adapter@_W@__crt_stdio_output@@@__crt_stdio_output@@IAE_NAAPAX@Z 10024440 f i libucrtd:output.obj
 0001:00023570       ??$extract_argument_from_va_list@PAXPAX@?$standard_base@DV?$stream_output_adapter@D@__crt_stdio_output@@@__crt_stdio_output@@IAE_NAAPAX@Z 10024570 f i libucrtd:output.obj
 0001:000235a0       ??$extract_argument_from_va_list@PAXPAX@?$standard_base@DV?$string_output_adapter@D@__crt_stdio_output@@@__crt_stdio_output@@IAE_NAAPAX@Z 100245a0 f i libucrtd:output.obj
 0001:000235d0       ??$extract_argument_from_va_list@PAXPAX@?$standard_base@_WV?$stream_output_adapter@_W@__crt_stdio_output@@@__crt_stdio_output@@IAE_NAAPAX@Z 100245d0 f i libucrtd:output.obj
 0001:00023600       ??$extract_argument_from_va_list@PAXPAX@?$standard_base@_WV?$string_output_adapter@_W@__crt_stdio_output@@@__crt_stdio_output@@IAE_NAAPAX@Z 10024600 f i libucrtd:output.obj
 0001:00023630       ??$extract_argument_from_va_list@U_CRT_DOUBLE@@U1@@?$positional_parameter_base@DV?$stream_output_adapter@D@__crt_stdio_output@@@__crt_stdio_output@@IAE_NAAU_CRT_DOUBLE@@@Z 10024630 f i libucrtd:output.obj
[...]
 0002:0001fb17       $N00016                    100a4b17     modbus.exp
 0002:0001fb29       $N00017                    100a4b29     modbus.exp
 0002:0001fb3d       $N00018                    100a4b3d     modbus.exp
 0002:0001fb50       $N00019                    100a4b50     modbus.exp
 0002:0001fb71       $N00020                    100a4b71     modbus.exp
 0002:0001fb8c       $N00021                    100a4b8c     modbus.exp
 0002:0001fb9b       $N00022                    100a4b9b     modbus.exp
 0002:0001fbaa       $N00023                    100a4baa     modbus.exp
 0002:0001fbbc       $N00024                    100a4bbc     modbus.exp
 0002:0001fbcd       $N00025                    100a4bcd     modbus.exp
 0002:0001fbe4       $N00026                    100a4be4     modbus.exp
 0002:0001fc00       $N00027                    100a4c00     modbus.exp
 0002:0001fc16       $N00028                    100a4c16     modbus.exp
 0002:0001fc25       $N00029                    100a4c25     modbus.exp
 0002:0001fc41       $N00030                    100a4c41     modbus.exp
 0002:0001fc4e       $N00031                    100a4c4e     modbus.exp
 0002:0001fc65       $N00032                    100a4c65     modbus.exp
 0002:0001fc7c       $N00033                    100a4c7c     modbus.exp
 0002:0001fc8f       $N00034                    100a4c8f     modbus.exp
 0002:0001fca8       $N00035                    100a4ca8     modbus.exp
 0002:0001fcc3       $N00036                    100a4cc3     modbus.exp
 0002:0001fcdd       $N00037                    100a4cdd     modbus.exp
 0002:0001fcf0       $N00038                    100a4cf0     modbus.exp
 0002:0001fd09       $N00039                    100a4d09     modbus.exp
 0002:0001fd24       $N00040                    100a4d24     modbus.exp
 0002:0001fd3c       $N00041                    100a4d3c     modbus.exp
 0002:0001fd56       $N00042                    100a4d56     modbus.exp
 0002:0001fd71       $N00043                    100a4d71     modbus.exp
 0002:0001fd89       $N00044                    100a4d89     modbus.exp
 0002:0001fd9a       $N00045                    100a4d9a     modbus.exp
 0002:0001fdb4       $N00046                    100a4db4     modbus.exp
 0002:0001fdc5       $N00047                    100a4dc5     modbus.exp
 0002:0001fddb       $N00048                    100a4ddb     modbus.exp
 0002:0001fdf1       $N00049                    100a4df1     modbus.exp
 0002:0001fe07       $N00050                    100a4e07     modbus.exp
 0002:0001fe1d       $N00051                    100a4e1d     modbus.exp
 0002:0001fe3b       $N00052                    100a4e3b     modbus.exp
 0002:0001fe57       $N00053                    100a4e57     modbus.exp
 0002:0001fe68       $N00054                    100a4e68     modbus.exp
 0002:0001fe7a       $N00055                    100a4e7a     modbus.exp
 0002:0001fe8a       $N00056                    100a4e8a     modbus.exp
 0002:0001fe9c       $N00057                    100a4e9c     modbus.exp
 0002:0001feae       $N00058                    100a4eae     modbus.exp
 0002:0001fec3       $N00059                    100a4ec3     modbus.exp
 0002:0001fed8       $N00060                    100a4ed8     modbus.exp
 0002:0001fef8       $N00061                    100a4ef8     modbus.exp
 0002:0001ff09       $N00062                    100a4f09     modbus.exp
 0002:0001ff1b       $N00063                    100a4f1b     modbus.exp
 0002:0001ff31       $N00064                    100a4f31     modbus.exp
 0002:0002016e       .idata$6                   100a516e     ws2_32:WS2_32.dll
 0002:00020216       .idata$6                   100a5216     kernel32:KERNEL32.dll
 0003:00000000       $SG96356                   100a6000     modbus-data.obj
 0003:00000090       $SG96357                   100a6090     modbus-data.obj
 0003:000000a8       $SG99923                   100a60a8     modbus-rtu.obj
 0003:00000134       $SG99924                   100a6134     modbus-rtu.obj
 0003:00000158       $SG100018                  100a6158     modbus-rtu.obj
 0003:00000170       $SG100044                  100a6170     modbus-rtu.obj
 0003:000001a8       $SG100058                  100a61a8     modbus-rtu.obj
 0003:000001d0       $SG100062                  100a61d0     modbus-rtu.obj
 0003:00000204       $SG100087                  100a6204     modbus-rtu.obj
 0003:0000022c       $SG100090                  100a622c     modbus-rtu.obj
 0003:0000025c       $SG100093                  100a625c     modbus-rtu.obj
 0003:00000290       $SG100114                  100a6290     modbus-rtu.obj
 0003:000002c4       $SG100127                  100a62c4     modbus-rtu.obj
 0003:000002fc       $SG100137                  100a62fc     modbus-rtu.obj
 0003:0000032c       $SG100146                  100a632c     modbus-rtu.obj
 0003:0000035c       $SG100155                  100a635c     modbus-rtu.obj
 0003:0000038c       $SG100165                  100a638c     modbus-rtu.obj
 0003:000003bc       $SG100180                  100a63bc     modbus-rtu.obj
 0003:000003ec       $SG100189                  100a63ec     modbus-rtu.obj
 0003:0000041c       $SG100201                  100a641c     modbus-rtu.obj
 0003:0000044c       $SG100210                  100a644c     modbus-rtu.obj
 0003:00000484       $SG100212                  100a6484     modbus-rtu.obj
 0003:000004b8       $SG100270                  100a64b8     modbus-rtu.obj
 0003:000004d4       $SG100272                  100a64d4     modbus-rtu.obj
 0003:000004fc       $SG99066                   100a64fc     modbus-tcp.obj
 0003:00000524       $SG99156                   100a6524     modbus-tcp.obj
 0003:00000558       $SG99159                   100a6558     modbus-tcp.obj
 0003:00000588       $SG99227                   100a6588     modbus-tcp.obj
 0003:000005a0       $SG99251                   100a65a0     modbus-tcp.obj
 0003:000005c4       $SG99255                   100a65c4     modbus-tcp.obj
 0003:000005dc       $SG99352                   100a65dc     modbus-tcp.obj
 0003:000005e0       $SG99355                   100a65e0     modbus-tcp.obj
 0003:00000604       $SG99359                   100a6604     modbus-tcp.obj
 0003:0000060c       $SG99362                   100a660c     modbus-tcp.obj
 0003:00000618       $SG99365                   100a6618     modbus-tcp.obj
 0003:00000620       $SG99368                   100a6620     modbus-tcp.obj
 0003:00000628       $SG99382                   100a6628     modbus-tcp.obj
 0003:00000654       $SG99395                   100a6654     modbus-tcp.obj
 0003:00000678       $SG99428                   100a6678     modbus-tcp.obj
 0003:0000069c       $SG99466                   100a669c     modbus-tcp.obj
 0003:000006b4       $SG99468                   100a66b4     modbus-tcp.obj
 0003:000006d8       $SG99500                   100a66d8     modbus-tcp.obj
 0003:000006f4       $SG99502                   100a66f4     modbus-tcp.obj
 0003:00000718       $SG99506                   100a6718     modbus-tcp.obj
 0003:00000738       $SG99508                   100a6738     modbus-tcp.obj
 0003:00000760       $SG99886                   100a6760     modbus.obj
 0003:00000774       $SG99888                   100a6774     modbus.obj
 0003:0000078c       $SG99890                   100a678c     modbus.obj
 0003:000007a0       $SG99892                   100a67a0     modbus.obj
 0003:000007c0       $SG99894                   100a67c0     modbus.obj
 0003:000007cc       $SG99896                   100a67cc     modbus.obj
 0003:000007ec       $SG99898                   100a67ec     modbus.obj
 0003:00000804       $SG99900                   100a6804     modbus.obj
 0003:00000818       $SG99902                   100a6818     modbus.obj
 0003:00000834       $SG99904                   100a6834     modbus.obj
 0003:00000854       $SG99906                   100a6854     modbus.obj
 0003:00000860       $SG99908                   100a6860     modbus.obj
 0003:00000870       $SG99910                   100a6870     modbus.obj
 0003:00000888       $SG99912                   100a6888     modbus.obj
 0003:00000898       $SG99914                   100a6898     modbus.obj
 0003:000008bc       $SG99923                   100a68bc     modbus.obj
 0003:000008c8       $SG99926                   100a68c8     modbus.obj
 0003:000008d0       $SG99927                   100a68d0     modbus.obj
 0003:000008d4       $SG99939                   100a68d4     modbus.obj
 0003:000008e8       $SG99976                   100a68e8     modbus.obj
 0003:000008f0       $SG99977                   100a68f0     modbus.obj
 0003:000008f4       $SG100086                  100a68f4     modbus.obj
 0003:00000914       $SG100087                  100a6914     modbus.obj
 0003:00000934       $SG100096                  100a6934     modbus.obj
 0003:0000093c       $SG100103                  100a693c     modbus.obj
 0003:00000944       $SG100107                  100a6944     modbus.obj
 0003:0000094c       $SG100113                  100a694c     modbus.obj
 0003:0000095c       $SG100118                  100a695c     modbus.obj
 0003:00000960       $SG100168                  100a6960     modbus.obj
 0003:000009a4       $SG100178                  100a69a4     modbus.obj
 0003:000009dc       $SG100302                  100a69dc     modbus.obj
 0003:000009ec       $SG100303                  100a69ec     modbus.obj
 0003:000009f8       $SG100181                  100a69f8     modbus.obj
 0003:00000a3c       $SG100307                  100a6a3c     modbus.obj
 0003:00000a64       $SG100311                  100a6a64     modbus.obj
 0003:00000a88       $SG100313                  100a6a88     modbus.obj
 0003:00000aa0       $SG100314                  100a6aa0     modbus.obj
 0003:00000ab0       $SG100318                  100a6ab0     modbus.obj
 0003:00000ad8       $SG100322                  100a6ad8     modbus.obj
 0003:00000afc       $SG100327                  100a6afc     modbus.obj
 0003:00000b28       $SG100331                  100a6b28     modbus.obj
 0003:00000b68       $SG100336                  100a6b68     modbus.obj
 0003:00000b98       $SG100341                  100a6b98     modbus.obj
 0003:00000bcc       $SG100345                  100a6bcc     modbus.obj
 0003:00000bf8       $SG100350                  100a6bf8     modbus.obj
 0003:00000c34       $SG100354                  100a6c34     modbus.obj
 0003:00000c64       $SG100356                  100a6c64     modbus.obj
 0003:00000c70       $SG100359                  100a6c70     modbus.obj
 0003:00000c88       $SG100364                  100a6c88     modbus.obj
 0003:00000cb8       $SG100369                  100a6cb8     modbus.obj
 0003:00000d04       $SG100439                  100a6d04     modbus.obj
 0003:00000d30       $SG100373                  100a6d30     modbus.obj
 0003:00000d84       $SG100375                  100a6d84     modbus.obj
 0003:00000dac       $SG100456                  100a6dac     modbus.obj
 0003:00000de0       $SG100482                  100a6de0     modbus.obj
 0003:00000e10       $SG100500                  100a6e10     modbus.obj
 0003:00000e40       $SG100514                  100a6e40     modbus.obj
 0003:00000e74       $SG100580                  100a6e74     modbus.obj
 0003:00000e9c       $SG100607                  100a6e9c     modbus.obj
 0003:00000ed4       $SG100657                  100a6ed4     modbus.obj
 0003:00000f04       $SG100660                  100a6f04     modbus.obj
 0003:00000f60       ?__vcrt_flsindex@@3KA      100a6f60     libvcruntimed:per_thread_data.obj
 0003:00001028       ?errno_no_memory@@3HA      100a7028     libucrtd:errno.obj
 0003:0000102c       ?doserrno_no_memory@@3KA   100a702c     libucrtd:errno.obj
 0003:00001040       ?__acrt_current_request_number@@3JA 100a7040     libucrtd:debug_heap.obj
 0003:00001088       ?__acrt_debug_fill_threshold@@3IA 100a7088     libucrtd:debug_fill_threshold.obj
 0003:0000108c       ?__acrt_flsindex@@3KA      100a708c     libucrtd:per_thread_data.obj
 0003:00001090       __ctype_loc_style          100a7090     libucrtd:wsetlocale.obj
 0003:000013a0       __mbctypes                 100a73a0     libucrtd:mbctype.obj
 0003:000014a8       __mbcasemaps               100a74a8     libucrtd:mbctype.obj
 0003:000015a8       ?__rgctypeflag@@3PADA      100a75a8     libucrtd:mbctype.obj
 0003:000015b0       ?__rgcode_page_info@@3PAUcode_page_info@@A 100a75b0     libucrtd:mbctype.obj
 0003:00001810       ?__dcrt_lowio_console_output_handle@@3PAXA 100a7810     libucrtd:initcon.obj
 0003:00001820       ?__DAZ_ENABLED@?1??__set_fpsr_sse2@@9@9 100a7820     libucrtd:fpctrl.obj
 0003:00001940       ?init@?1??_RTC_InitBase@@9@4_NA 100a7940     LIBCMTD:init.obj
 0003:00001950       _GS_ExceptionRecord        100a7950     LIBCMTD:gs_report.obj
 0003:000019a0       _GS_ContextRecord          100a79a0     LIBCMTD:gs_report.obj
 0003:00001c6c       ?__proc_attached@@3HA      100a7c6c     LIBCMTD:dll_dllmain.obj
 0003:00001c70       ?_RTC_ErrorReportFunc@@3P6AHHPBDH00ZZA 100a7c70     LIBCMTD:userapi.obj
 0003:00001c74       ?_RTC_ErrorReportFuncW@@3P6AHHPB_WH00ZZA 100a7c74     LIBCMTD:userapi.obj
 0003:00001c78       ?mspdb@@3PAUHINSTANCE__@@A 100a7c78     LIBCMTD:pdblkup.obj
 0003:00001c7c       ?alreadyTried@?1??GetPdbDll@@YAPAUHINSTANCE__@@XZ@4_NA 100a7c7c     LIBCMTD:pdblkup.obj
 0003:00001c7d       ?PDBOK@?1??_RTC_GetSrcLine@@YAHPAEPA_WKPAH1K@Z@4_NA 100a7c7d     LIBCMTD:pdblkup.obj
 0003:00001c98       ?is_initialized_as_dll@@3_NA 100a7c98     LIBCMTD:utility.obj
 0003:00001c99       ?module_local_atexit_table_initialized@@3_NA 100a7c99     LIBCMTD:utility.obj
 0003:00001c9c       ?module_local_atexit_table@@3U_onexit_table_t@@A 100a7c9c     LIBCMTD:utility.obj
 0003:00001ca8       ?module_local_at_quick_exit_table@@3U_onexit_table_t@@A 100a7ca8     LIBCMTD:utility.obj
 0003:00001cc4       ?__vcrt_startup_thread_ptd@@3U__vcrt_ptd@@A 100a7cc4     libvcruntimed:per_thread_data.obj
 0003:00001d14       ?heap@@3V_HeapManager@@A   100a7d14     libvcruntimed:undname.obj
 0003:00001d28       ?buf@?1??dbGetString@DName@@QBEPADXZ@4PADA 100a7d28     libvcruntimed:undname.obj
 0003:00001d78       ___vcrt_lock_table         100a7d78     libvcruntimed:locks.obj
 0003:00001d90       ___vcrt_locks_initialized  100a7d90     libvcruntimed:locks.obj
 0003:00001d94       ?module_handles@@3PAPAUHINSTANCE__@@A 100a7d94     libvcruntimed:winapi_downlevel.obj
 0003:00001da0       ?function_pointers@@3PAPAXA 100a7da0     libvcruntimed:winapi_downlevel.obj
 0003:00001dc4       ?c_termination_complete@@3JA 100a7dc4     libucrtd:exit.obj
 0003:00001dc8       ?thread_local_exit_callback_func@@3P6GXPAXK0@ZA 100a7dc8     libucrtd:exit.obj
 0003:00001dd0       ?program_name@?1???$common_configure_argv@D@@YAHW4_crt_argv_mode@@@Z@4PADA 100a7dd0     libucrtd:argv_parsing.obj
 0003:00001ed8       ?program_name@?1???$common_configure_argv@_W@@YAHW4_crt_argv_mode@@@Z@4PA_WA 100a7ed8     libucrtd:argv_parsing.obj
 0003:0000210c       ?__acrt_first_block@@3PAU_CrtMemBlockHeader@@A 100a810c     libucrtd:debug_heap.obj
 0003:00002110       ?__acrt_last_block@@3PAU_CrtMemBlockHeader@@A 100a8110     libucrtd:debug_heap.obj
 0003:00002114       ?__acrt_total_allocations@@3IA 100a8114     libucrtd:debug_heap.obj
 0003:00002118       ?__acrt_current_allocations@@3IA 100a8118     libucrtd:debug_heap.obj
 0003:0000211c       ?__acrt_max_allocations@@3IA 100a811c     libucrtd:debug_heap.obj
 0003:00002120       ?__acrt_check_frequency@@3IA 100a8120     libucrtd:debug_heap.obj
 0003:00002124       ?__acrt_check_counter@@3IA 100a8124     libucrtd:debug_heap.obj
 0003:0000212c       ?heap_validation_pending@@3_NA 100a812c     libucrtd:debug_heap.obj
 0003:00002130       ?__acrt_invalid_parameter_handler@@3V?$dual_state_global@P6AXPB_W00II@Z@__crt_state_management@@A 100a8130     libucrtd:invalid_parameter.obj
 0003:00002134       ?__acrt_app_type@@3W4_crt_app_type@@A 100a8134     libucrtd:report_runtime_error.obj
 0003:00002138       ?outmsg@?9??__acrt_report_runtime_error@@9@4PA_WA 100a8138     libucrtd:report_runtime_error.obj
 0003:00002760       ___acrt_error_mode         100a8760     libucrtd:set_error_mode.obj
 0003:00002764       ?console_ctrl_handler_installed@@3_NA 100a8764     libucrtd:signal.obj
 0003:00002768       ?ctrlc_action@@3V?$dual_state_global@P6AXH@Z@__crt_state_management@@A 100a8768     libucrtd:signal.obj
 0003:0000276c       ?ctrlbreak_action@@3V?$dual_state_global@P6AXH@Z@__crt_state_management@@A 100a876c     libucrtd:signal.obj
 0003:00002770       ?abort_action@@3V?$dual_state_global@P6AXH@Z@__crt_state_management@@A 100a8770     libucrtd:signal.obj
 0003:00002774       ?term_action@@3V?$dual_state_global@P6AXH@Z@__crt_state_management@@A 100a8774     libucrtd:signal.obj
 0003:00002778       ?module_handles@@3PAPAUHINSTANCE__@@A 100a8778     libucrtd:winapi_thunks.obj
 0003:000027c8       ?encoded_function_pointers@@3PAPAXA 100a87c8     libucrtd:winapi_thunks.obj
 0003:00002850       ?static_enum_proc@?1??enum_system_locales_ex_nolock@@YAHQ6GHPA_WKJ@Z@Z@4P6GH0KJ@ZA 100a8850     libucrtd:winapi_thunks.obj
 0003:00002a5c       ?internal_state@?1??_mbtowc_l@@9@4U_Mbstatet@@A 100a8a5c     libucrtd:mbtowc.obj
 0003:00002a64       ?enable_percent_n@@3IA     100a8a64     libucrtd:printf_count_output.obj
 0003:00002a88       ?__acrt_lock_table@@3PAU_RTL_CRITICAL_SECTION@@A 100a8a88     libucrtd:locks.obj
 0003:00002bd8       ?__acrt_locks_initialized@@3IA 100a8bd8     libucrtd:locks.obj
 0003:00002bdc       ?state_cache@?1???$get_cached_win_policy@Ubegin_thread_init_policy_properties@?1??__acrt_get_begin_thread_init_policy@@YA?AW4begin_thread_init_policy@@XZ@@@YA?AW4begin_thread_init_policy@@W4AppPolicyThreadInitializationType@@@Z@4JA 100a8bdc     libucrtd:win_policies.obj
 0003:00002be0       ?state_cache@?1???$get_cached_win_policy@Udeveloper_information_policy_properties@?1??__acrt_get_developer_information_policy@@YA?AW4developer_information_policy@@XZ@@@YA?AW4developer_information_policy@@W4AppPolicyShowDeveloperDiagnostic@@@Z@4JA 100a8be0     libucrtd:win_policies.obj
 0003:00002be4       ?state_cache@?1???$get_cached_win_policy@Uwindowing_model_policy_properties@?1??__acrt_get_windowing_model_policy@@YA?AW4windowing_model_policy@@XZ@@@YA?AW4windowing_model_policy@@W4AppPolicyWindowingModel@@@Z@4JA 100a8be4     libucrtd:win_policies.obj
 0003:00002bf4       ?fSystemSet@@3HA           100a8bf4     libucrtd:mbctype.obj
 0003:00002bf8       ?initialized@?1??__acrt_initialize_multibyte@@9@4_NA 100a8bf8     libucrtd:mbctype.obj
 0003:00002c1c       ?__acrt_new_handler@@3V?$dual_state_global@P6AHI@Z@__crt_state_management@@A 100a8c1c     libucrtd:new_handler.obj
 0003:00002c20       ?user_matherr@@3V?$dual_state_global@P6AHPAU_exception@@@Z@__crt_state_management@@A 100a8c20     libucrtd:matherr.obj
 0003:00002c24       ?__acrt_global_new_mode@@3V?$dual_state_global@J@__crt_state_management@@A 100a8c24     libucrtd:new_mode.obj
 0003:00002c28       ?mbst@?1??mbrlen@@9@4U_Mbstatet@@A 100a8c28     libucrtd:mbrtowc.obj
 0003:00002c30       ?mbst@?1??mbrtowc@@9@4U_Mbstatet@@A 100a8c30     libucrtd:mbrtowc.obj
 0003:00002c38       ?mbst@?1??_mbsrtowcs_helper@@YAIPA_WPAPBDIPAU_Mbstatet@@@Z@4U2@A 100a8c38     libucrtd:mbrtowc.obj
 0003:00002c48       ?internal_pst@?1??__mbrtoc32_utf8@__crt_mbstring@@YAIPA_UPBDIPAU_Mbstatet@@@Z@4U3@A 100a8c48     libucrtd:mbrtoc32.obj
 0003:00002c50       ?local_state@?6??_wcrtomb_s_l@@YAHQAHQADI_WQAU_Mbstatet@@QAU__crt_locale_pointers@@@Z@4U2@A 100a8c50     libucrtd:wcrtomb.obj
 0003:00002c58       __pmatherr_set             100a8c58     libucrtd:libm_error.obj
 0003:00002c5c       ?internal_pst@?1??__c16rtomb_utf8@__crt_mbstring@@YAIPAD_SPAU_Mbstatet@@@Z@4U3@A 100a8c5c     libucrtd:c16rtomb.obj
 0004:000000a0       $R000000                   100aa0a0     modbus.res
 0004:00000330       $R000290                   100aa330     modbus.res
